Component: Arm Compiler for Embedded 6.19 Tool: armlink [5e73cb00]

==============================================================================

Section Cross References

    startup_stm32f407xx.o(STACK) refers (Special) to heapauxi.o(.text) for __use_two_region_memory
    startup_stm32f407xx.o(HEAP) refers (Special) to heapauxi.o(.text) for __use_two_region_memory
    startup_stm32f407xx.o(RESET) refers (Special) to heapauxi.o(.text) for __use_two_region_memory
    startup_stm32f407xx.o(RESET) refers to startup_stm32f407xx.o(STACK) for __initial_sp
    startup_stm32f407xx.o(RESET) refers to startup_stm32f407xx.o(.text) for Reset_Handler
    startup_stm32f407xx.o(RESET) refers to systick.o(.text.SysTick_Handler) for SysTick_Handler
    startup_stm32f407xx.o(RESET) refers to interrupt_tab.o(.text.EXTI0_IRQHandler) for EXTI0_IRQHandler
    startup_stm32f407xx.o(RESET) refers to interrupt_tab.o(.text.EXTI1_IRQHandler) for EXTI1_IRQHandler
    startup_stm32f407xx.o(RESET) refers to interrupt_tab.o(.text.EXTI2_IRQHandler) for EXTI2_IRQHandler
    startup_stm32f407xx.o(RESET) refers to interrupt_tab.o(.text.EXTI3_IRQHandler) for EXTI3_IRQHandler
    startup_stm32f407xx.o(RESET) refers to interrupt_tab.o(.text.EXTI4_IRQHandler) for EXTI4_IRQHandler
    startup_stm32f407xx.o(RESET) refers to interrupt_tab.o(.text.EXTI9_5_IRQHandler) for EXTI9_5_IRQHandler
    startup_stm32f407xx.o(RESET) refers to interrupt_tab.o(.text.USART1_IRQHandler) for USART1_IRQHandler
    startup_stm32f407xx.o(RESET) refers to interrupt_tab.o(.text.USART2_IRQHandler) for USART2_IRQHandler
    startup_stm32f407xx.o(RESET) refers to interrupt_tab.o(.text.USART3_IRQHandler) for USART3_IRQHandler
    startup_stm32f407xx.o(RESET) refers to interrupt_tab.o(.text.EXTI15_10_IRQHandler) for EXTI15_10_IRQHandler
    startup_stm32f407xx.o(RESET) refers to interrupt_tab.o(.text.UART4_IRQHandler) for UART4_IRQHandler
    startup_stm32f407xx.o(RESET) refers to interrupt_tab.o(.text.UART5_IRQHandler) for UART5_IRQHandler
    startup_stm32f407xx.o(RESET) refers to interrupt_tab.o(.text.USART6_IRQHandler) for USART6_IRQHandler
    startup_stm32f407xx.o(.text) refers (Special) to heapauxi.o(.text) for __use_two_region_memory
    startup_stm32f407xx.o(.text) refers to stm32f4.o(.text.SystemInit) for SystemInit
    startup_stm32f407xx.o(.text) refers to __main.o(!!!main) for __main
    startup_stm32f407xx.o(.text) refers to startup_stm32f407xx.o(HEAP) for Heap_Mem
    startup_stm32f407xx.o(.text) refers to startup_stm32f407xx.o(STACK) for Stack_Mem
    stm32f4.o(.ARM.exidx.text.SystemInit) refers to stm32f4.o(.text.SystemInit) for [Anonymous Symbol]
    gpio.o(.text._ZN3uni28GeneralPurposeInputOutputPin12setInterruptEPFvvE) refers to interrupt_tab.o(.bss.FUNC_EXTI) for FUNC_EXTI
    gpio.o(.ARM.exidx.text._ZN3uni28GeneralPurposeInputOutputPin12setInterruptEPFvvE) refers to gpio.o(.text._ZN3uni28GeneralPurposeInputOutputPin12setInterruptEPFvvE) for [Anonymous Symbol]
    gpio.o(.text._ZN3uni28GeneralPurposeInputOutputPin20setInterruptPriorityEhh) refers to gpio.o(.rodata._ZN3uniL17GPIO_Request_listE) for uni::GPIO_Request_list
    gpio.o(.text._ZN3uni28GeneralPurposeInputOutputPin20setInterruptPriorityEhh) refers to nvic.o(.bss._ZN3uni4NVICE) for uni::NVIC
    gpio.o(.text._ZN3uni28GeneralPurposeInputOutputPin20setInterruptPriorityEhh) refers to nvic.o(.text._ZN3uni6NVIC_t11setPriorityE9Request_tjj) for uni::NVIC_t::setPriority(Request_t, unsigned int, unsigned int)
    gpio.o(.ARM.exidx.text._ZN3uni28GeneralPurposeInputOutputPin20setInterruptPriorityEhh) refers to gpio.o(.text._ZN3uni28GeneralPurposeInputOutputPin20setInterruptPriorityEhh) for [Anonymous Symbol]
    gpio.o(.text._ZN3uni28GeneralPurposeInputOutputPin11enInterruptEb) refers to gpio.o(.rodata._ZN3uniL17GPIO_Request_listE) for uni::GPIO_Request_list
    gpio.o(.ARM.exidx.text._ZN3uni28GeneralPurposeInputOutputPin11enInterruptEb) refers to gpio.o(.text._ZN3uni28GeneralPurposeInputOutputPin11enInterruptEb) for [Anonymous Symbol]
    gpio.o(.text._ZN3uni28GeneralPurposeInputOutputPin7setModeENS_8GPIORupt8RuptEdgeE) refers to rcc.o(.data._ZN3uni3RCCE) for uni::RCC
    gpio.o(.text._ZN3uni28GeneralPurposeInputOutputPin7setModeENS_8GPIORupt8RuptEdgeE) refers to afio.o(.data._ZN3uni6SYSCFG19ExternInterruptCfgsE) for uni::SYSCFG::ExternInterruptCfgs
    gpio.o(.text._ZN3uni28GeneralPurposeInputOutputPin7setModeENS_8GPIORupt8RuptEdgeE) refers to gpio.o(.rodata._ZN3uniL9GPIO_ListE) for uni::GPIO_List
    gpio.o(.text._ZN3uni28GeneralPurposeInputOutputPin7setModeENS_8GPIORupt8RuptEdgeE) refers to interrupt.o(.data._ZN3uni4EXTI13TriggerRisingE) for uni::EXTI::TriggerRising
    gpio.o(.text._ZN3uni28GeneralPurposeInputOutputPin7setModeENS_8GPIORupt8RuptEdgeE) refers to interrupt.o(.data._ZN3uni4EXTI14TriggerFallingE) for uni::EXTI::TriggerFalling
[...]
    rcc.o(.text._ZN3uni5RCC_t17getFrequencyPCLK1Ev) refers to rcc.o(.rodata._ZN3uni13APBPrescTableE) for uni::APBPrescTable
    rcc.o(.ARM.exidx.text._ZN3uni5RCC_t17getFrequencyPCLK1Ev) refers to rcc.o(.text._ZN3uni5RCC_t17getFrequencyPCLK1Ev) for [Anonymous Symbol]
    rcc.o(.text._ZN3uni5RCC_t17getFrequencyPCLK2Ev) refers to rcc.o(.data._ZN3uni15SystemCoreClockE) for uni::SystemCoreClock
    rcc.o(.text._ZN3uni5RCC_t17getFrequencyPCLK2Ev) refers to rcc.o(.rodata._ZN3uni13APBPrescTableE) for uni::APBPrescTable
    rcc.o(.ARM.exidx.text._ZN3uni5RCC_t17getFrequencyPCLK2Ev) refers to rcc.o(.text._ZN3uni5RCC_t17getFrequencyPCLK2Ev) for [Anonymous Symbol]
    rcc.o(.ARM.exidx.text._ZN3uni16RCCOscillatorHSI7isReadyEv) refers to rcc.o(.text._ZN3uni16RCCOscillatorHSI7isReadyEv) for [Anonymous Symbol]
    rcc.o(.ARM.exidx.text._ZN3uni16RCCOscillatorHSE7isReadyEv) refers to rcc.o(.text._ZN3uni16RCCOscillatorHSE7isReadyEv) for [Anonymous Symbol]
    rcc.o(.ARM.exidx.text._ZN3uni6RCCPLL7isReadyEv) refers to rcc.o(.text._ZN3uni6RCCPLL7isReadyEv) for [Anonymous Symbol]
    rcc.o(.ARM.exidx.text._ZN3uni14RCCSystemClock9setSourceENS_12SysclkSource17RCCSysclockSourceE) refers to rcc.o(.text._ZN3uni14RCCSystemClock9setSourceENS_12SysclkSource17RCCSysclockSourceE) for [Anonymous Symbol]
    rcc.o(.ARM.exidx.text._ZN3uni14RCCSystemClock9getSourceEv) refers to rcc.o(.text._ZN3uni14RCCSystemClock9getSourceEv) for [Anonymous Symbol]
    rcc.o(.ARM.exidx.text._ZN3uni14RCCSystemClock13CurrentSourceEv) refers to rcc.o(.text._ZN3uni14RCCSystemClock13CurrentSourceEv) for [Anonymous Symbol]
    rcc.o(.ARM.exidx.text._ZN3uni6RCCPLL6enAbleEb) refers to rcc.o(.text._ZN3uni6RCCPLL6enAbleEb) for [Anonymous Symbol]
    systick.o(.text._ZN3uni7SysTick7enClockEj) refers to rcc.o(.data._ZN3uni15SystemCoreClockE) for uni::SystemCoreClock
    systick.o(.text._ZN3uni7SysTick7enClockEj) refers to nvic.o(.bss._ZN3uni4NVICE) for uni::NVIC
    systick.o(.text._ZN3uni7SysTick7enClockEj) refers to nvic.o(.text._ZN3uni6NVIC_t11setPriorityE9Request_tj) for uni::NVIC_t::setPriority(Request_t, unsigned int)
    systick.o(.ARM.exidx.text._ZN3uni7SysTick7enClockEj) refers to systick.o(.text._ZN3uni7SysTick7enClockEj) for [Anonymous Symbol]
    systick.o(.text.SysTick_Handler) refers to systick.o(.bss.delay_count) for delay_count
    systick.o(.ARM.exidx.text.SysTick_Handler) refers to systick.o(.text.SysTick_Handler) for [Anonymous Symbol]
    systick.o(.text.SysDelay) refers to systick.o(.bss.delay_count) for delay_count
    systick.o(.ARM.exidx.text.SysDelay) refers to systick.o(.text.SysDelay) for [Anonymous Symbol]
    __main.o(!!!main) refers to __rtentry.o(.ARM.Collect$$rtentry$$00000000) for __rt_entry
    init_aeabi.o(.emb_text) refers (Special) to libinit2.o(.ARM.Collect$$libinit$$00000033) for __rt_lib_init_cpp_2
    init_aeabi.o(.init_array) refers (Special) to libinit2.o(.ARM.Collect$$libinit$$00000033) for __rt_lib_init_cpp_2
    init_aeabi.o(.dummy_text) refers (Special) to libinit2.o(.ARM.Collect$$libinit$$00000033) for __rt_lib_init_cpp_2
    init_aeabi.o(.text) refers (Special) to libinit2.o(.ARM.Collect$$libinit$$00000033) for __rt_lib_init_cpp_2
    init_aeabi.o(.ARM.exidx) refers (Special) to libinit2.o(.ARM.Collect$$libinit$$00000033) for __rt_lib_init_cpp_2
    init_aeabi.o(.ARM.exidx) refers to init_aeabi.o(.text) for .text
    __rtentry.o(.ARM.Collect$$rtentry$$00000000) refers (Special) to __rtentry2.o(.ARM.Collect$$rtentry$$0000000A) for __rt_entry_li
    __rtentry.o(.ARM.Collect$$rtentry$$00000000) refers (Special) to __rtentry2.o(.ARM.Collect$$rtentry$$0000000D) for __rt_entry_main
    __rtentry.o(.ARM.Collect$$rtentry$$00000000) refers (Special) to __rtentry2.o(.ARM.Collect$$rtentry$$0000000C) for __rt_entry_postli_1
    __rtentry.o(.ARM.Collect$$rtentry$$00000000) refers (Special) to __rtentry2.o(.ARM.Collect$$rtentry$$00000009) for __rt_entry_postsh_1
    __rtentry.o(.ARM.Collect$$rtentry$$00000000) refers (Special) to __rtentry2.o(.ARM.Collect$$rtentry$$00000002) for __rt_entry_presh_1
    __rtentry.o(.ARM.Collect$$rtentry$$00000000) refers (Special) to __rtentry4.o(.ARM.Collect$$rtentry$$00000004) for __rt_entry_sh
    aeabi_ldiv0_sigfpe.o(.text) refers to rt_div0.o(.text) for __rt_div0
    libinit2.o(.ARM.Collect$$libinit$$00000001) refers to fpinit.o(x$fpl$fpinit) for _fp_init
    libinit2.o(.ARM.Collect$$libinit$$00000012) refers to libinit2.o(.ARM.Collect$$libinit$$00000011) for .ARM.Collect$$libinit$$00000011
    libinit2.o(.ARM.Collect$$libinit$$00000014) refers to libinit2.o(.ARM.Collect$$libinit$$00000011) for .ARM.Collect$$libinit$$00000011
    libinit2.o(.ARM.Collect$$libinit$$00000016) refers to libinit2.o(.ARM.Collect$$libinit$$00000011) for .ARM.Collect$$libinit$$00000011
    libinit2.o(.ARM.Collect$$libinit$$00000018) refers to libinit2.o(.ARM.Collect$$libinit$$00000011) for .ARM.Collect$$libinit$$00000011
    libinit2.o(.ARM.Collect$$libinit$$0000001A) refers to libinit2.o(.ARM.Collect$$libinit$$00000011) for .ARM.Collect$$libinit$$00000011
    libinit2.o(.ARM.Collect$$libinit$$00000028) refers to argv_veneer.o(.emb_text) for __ARM_argv_veneer
    libinit2.o(.ARM.Collect$$libinit$$00000029) refers to argv_veneer.o(.emb_text) for __ARM_argv_veneer
    libinit2.o(.ARM.Collect$$libinit$$00000033) refers (Weak) to init_aeabi.o(.text) for __cpp_initialize__aeabi_
    __rtentry2.o(.ARM.Collect$$rtentry$$00000008) refers to boardinit2.o(.text) for _platform_post_stackheap_init
    __rtentry2.o(.ARM.Collect$$rtentry$$0000000A) refers to libinit.o(.ARM.Collect$$libinit$$00000000) for __rt_lib_init
    __rtentry2.o(.ARM.Collect$$rtentry$$0000000B) refers to boardinit3.o(.text) for _platform_post_lib_init
    __rtentry2.o(.ARM.Collect$$rtentry$$0000000D) refers to lto-llvm-2258c5.o(.text.main) for main
    __rtentry2.o(.ARM.Collect$$rtentry$$0000000D) refers to exit.o(.text) for exit
    __rtentry2.o(.ARM.exidx) refers to __rtentry2.o(.ARM.Collect$$rtentry$$00000001) for .ARM.Collect$$rtentry$$00000001
    __rtentry2.o(.ARM.exidx) refers to __rtentry2.o(.ARM.Collect$$rtentry$$00000008) for .ARM.Collect$$rtentry$$00000008
    __rtentry2.o(.ARM.exidx) refers to __rtentry2.o(.ARM.Collect$$rtentry$$0000000A) for .ARM.Collect$$rtentry$$0000000A
    __rtentry2.o(.ARM.exidx) refers to __rtentry2.o(.ARM.Collect$$rtentry$$0000000B) for .ARM.Collect$$rtentry$$0000000B
    __rtentry2.o(.ARM.exidx) refers to __rtentry2.o(.ARM.Collect$$rtentry$$0000000D) for .ARM.Collect$$rtentry$$0000000D
    __rtentry4.o(.ARM.Collect$$rtentry$$00000004) refers to sys_stackheap_outer.o(.text) for __user_setup_stackheap
    __rtentry4.o(.ARM.exidx) refers to __rtentry4.o(.ARM.Collect$$rtentry$$00000004) for .ARM.Collect$$rtentry$$00000004
    rt_div0.o(.text) refers to defsig_fpe_outer.o(.text) for __rt_SIGFPE
    argv_veneer.o(.emb_text) refers to no_argv.o(.text) for __ARM_get_argv
    sys_stackheap_outer.o(.text) refers to libspace.o(.text) for __user_perproc_libspace
    sys_stackheap_outer.o(.text) refers to startup_stm32f407xx.o(.text) for __user_initial_stackheap
    exit.o(.text) refers to rtexit.o(.ARM.Collect$$rtexit$$00000000) for __rt_exit
    defsig_fpe_outer.o(.text) refers to defsig_fpe_inner.o(.text) for __rt_SIGFPE_inner
    defsig_fpe_outer.o(.text) refers to defsig_exit.o(.text) for __sig_exit
    defsig_fpe_formal.o(.text) refers to rt_raise.o(.text) for __rt_raise
    _get_argv_nomalloc.o(.text) refers (Special) to hrguard.o(.text) for __heap_region$guard
    _get_argv_nomalloc.o(.text) refers to defsig_rtmem_outer.o(.text) for __rt_SIGRTMEM
    _get_argv_nomalloc.o(.text) refers to sys_command.o(.text) for _sys_command_string
    libinit.o(.ARM.Collect$$libinit$$00000000) refers (Special) to libinit2.o(.ARM.Collect$$libinit$$00000030) for __rt_lib_init_alloca_1
    libinit.o(.ARM.Collect$$libinit$$00000000) refers (Special) to libinit2.o(.ARM.Collect$$libinit$$0000002E) for __rt_lib_init_argv_1
    libinit.o(.ARM.Collect$$libinit$$00000000) refers (Special) to libinit2.o(.ARM.Collect$$libinit$$0000001D) for __rt_lib_init_atexit_1
    libinit.o(.ARM.Collect$$libinit$$00000000) refers (Special) to libinit2.o(.ARM.Collect$$libinit$$00000023) for __rt_lib_init_clock_1
    libinit.o(.ARM.Collect$$libinit$$00000000) refers (Special) to libinit2.o(.ARM.Collect$$libinit$$00000034) for __rt_lib_init_cpp_1
    libinit.o(.ARM.Collect$$libinit$$00000000) refers (Special) to libinit2.o(.ARM.Collect$$libinit$$00000032) for __rt_lib_init_exceptions_1
    libinit.o(.ARM.Collect$$libinit$$00000000) refers (Special) to libinit2.o(.ARM.Collect$$libinit$$00000001) for __rt_lib_init_fp_1
    libinit.o(.ARM.Collect$$libinit$$00000000) refers (Special) to libinit2.o(.ARM.Collect$$libinit$$00000021) for __rt_lib_init_fp_trap_1
    libinit.o(.ARM.Collect$$libinit$$00000000) refers (Special) to libinit2.o(.ARM.Collect$$libinit$$00000025) for __rt_lib_init_getenv_1
    libinit.o(.ARM.Collect$$libinit$$00000000) refers (Special) to libinit2.o(.ARM.Collect$$libinit$$0000000C) for __rt_lib_init_heap_1
    libinit.o(.ARM.Collect$$libinit$$00000000) refers (Special) to libinit2.o(.ARM.Collect$$libinit$$00000013) for __rt_lib_init_lc_collate_1
    libinit.o(.ARM.Collect$$libinit$$00000000) refers (Special) to libinit2.o(.ARM.Collect$$libinit$$00000015) for __rt_lib_init_lc_ctype_1
    libinit.o(.ARM.Collect$$libinit$$00000000) refers (Special) to libinit2.o(.ARM.Collect$$libinit$$00000017) for __rt_lib_init_lc_monetary_1
    libinit.o(.ARM.Collect$$libinit$$00000000) refers (Special) to libinit2.o(.ARM.Collect$$libinit$$00000019) for __rt_lib_init_lc_numeric_1
    libinit.o(.ARM.Collect$$libinit$$00000000) refers (Special) to libinit2.o(.ARM.Collect$$libinit$$0000001B) for __rt_lib_init_lc_time_1
    libinit.o(.ARM.Collect$$libinit$$00000000) refers (Special) to libinit2.o(.ARM.Collect$$libinit$$00000006) for __rt_lib_init_preinit_1
    libinit.o(.ARM.Collect$$libinit$$00000000) refers (Special) to libinit2.o(.ARM.Collect$$libinit$$00000010) for __rt_lib_init_rand_1
    libinit.o(.ARM.Collect$$libinit$$00000000) refers (Special) to libinit2.o(.ARM.Collect$$libinit$$00000004) for __rt_lib_init_relocate_pie_1
    libinit.o(.ARM.Collect$$libinit$$00000000) refers (Special) to libinit2.o(.ARM.Collect$$libinit$$00000035) for __rt_lib_init_return
    libinit.o(.ARM.Collect$$libinit$$00000000) refers (Special) to libinit2.o(.ARM.Collect$$libinit$$0000001F) for __rt_lib_init_signal_1
    libinit.o(.ARM.Collect$$libinit$$00000000) refers (Special) to libinit2.o(.ARM.Collect$$libinit$$00000027) for __rt_lib_init_stdio_1
    libinit.o(.ARM.Collect$$libinit$$00000000) refers (Special) to libinit2.o(.ARM.Collect$$libinit$$0000000E) for __rt_lib_init_user_alloc_1
    sys_command.o(.text) refers (Special) to use_no_semi.o(.text) for __I$use$semihosting
    sys_command.o(.text) refers (Special) to indicate_semi.o(.text) for __semihosting_library_function
    sys_command_hlt.o(.text) refers (Special) to use_no_semi.o(.text) for __I$use$semihosting
    sys_command_hlt.o(.text) refers (Special) to indicate_semi.o(.text) for __semihosting_library_function
    libspace.o(.text) refers to libspace.o(.bss) for __libspace_start
    rtexit.o(.ARM.Collect$$rtexit$$00000000) refers (Special) to rtexit2.o(.ARM.Collect$$rtexit$$00000004) for __rt_exit_exit
    rtexit.o(.ARM.Collect$$rtexit$$00000000) refers (Special) to rtexit2.o(.ARM.Collect$$rtexit$$00000003) for __rt_exit_ls
    rtexit.o(.ARM.Collect$$rtexit$$00000000) refers (Special) to rtexit2.o(.ARM.Collect$$rtexit$$00000002) for __rt_exit_prels_1
    rtexit.o(.ARM.exidx) refers (Special) to rtexit2.o(.ARM.Collect$$rtexit$$00000004) for __rt_exit_exit
    rtexit.o(.ARM.exidx) refers (Special) to rtexit2.o(.ARM.Collect$$rtexit$$00000003) for __rt_exit_ls
    rtexit.o(.ARM.exidx) refers (Special) to rtexit2.o(.ARM.Collect$$rtexit$$00000002) for __rt_exit_prels_1
    rtexit.o(.ARM.exidx) refers to rtexit.o(.ARM.Collect$$rtexit$$00000000) for .ARM.Collect$$rtexit$$00000000
    rt_raise.o(.text) refers to __raise.o(.text) for __raise
    rt_raise.o(.text) refers to sys_exit.o(.text) for _sys_exit
    defsig_exit.o(.text) refers to sys_exit.o(.text) for _sys_exit
    defsig_fpe_inner.o(.text) refers to defsig_general.o(.text) for __default_signal_display
    defsig_rtmem_outer.o(.text) refers to defsig_rtmem_inner.o(.text) for __rt_SIGRTMEM_inner
    defsig_rtmem_outer.o(.text) refers to defsig_exit.o(.text) for __sig_exit
    defsig_rtmem_formal.o(.text) refers to rt_raise.o(.text) for __rt_raise
    sys_exit.o(.text) refers (Special) to use_no_semi.o(.text) for __I$use$semihosting
    sys_exit.o(.text) refers (Special) to indicate_semi.o(.text) for __semihosting_library_function
    sys_exit_hlt.o(.text) refers (Special) to use_no_semi.o(.text) for __I$use$semihosting
    sys_exit_hlt.o(.text) refers (Special) to indicate_semi.o(.text) for __semihosting_library_function
    rtexit2.o(.ARM.Collect$$rtexit$$00000003) refers to libshutdown.o(.ARM.Collect$$libshutdown$$00000000) for __rt_lib_shutdown
    rtexit2.o(.ARM.Collect$$rtexit$$00000004) refers to sys_exit.o(.text) for _sys_exit
    rtexit2.o(.ARM.exidx) refers to rtexit2.o(.ARM.Collect$$rtexit$$00000001) for .ARM.Collect$$rtexit$$00000001
    rtexit2.o(.ARM.exidx) refers to rtexit2.o(.ARM.Collect$$rtexit$$00000003) for .ARM.Collect$$rtexit$$00000003
    rtexit2.o(.ARM.exidx) refers to rtexit2.o(.ARM.Collect$$rtexit$$00000004) for .ARM.Collect$$rtexit$$00000004
    __raise.o(.text) refers to defsig.o(CL$$defsig) for __default_signal_handler
    defsig_general.o(.text) refers to sys_wrch.o(.text) for _ttywrch
    defsig_rtmem_inner.o(.text) refers to defsig_general.o(.text) for __default_signal_display
    sys_wrch.o(.text) refers (Special) to use_no_semi.o(.text) for __I$use$semihosting
    sys_wrch.o(.text) refers (Special) to indicate_semi.o(.text) for __semihosting_library_function
    sys_wrch_hlt.o(.text) refers (Special) to use_no_semi.o(.text) for __I$use$semihosting
    sys_wrch_hlt.o(.text) refers (Special) to indicate_semi.o(.text) for __semihosting_library_function
    defsig.o(CL$$defsig) refers to defsig_fpe_inner.o(.text) for __rt_SIGFPE_inner
    defsig.o(CL$$defsig) refers to defsig_rtmem_inner.o(.text) for __rt_SIGRTMEM_inner
    libshutdown.o(.ARM.Collect$$libshutdown$$00000000) refers (Special) to libshutdown2.o(.ARM.Collect$$libshutdown$$00000002) for __rt_lib_shutdown_cpp_1
    libshutdown.o(.ARM.Collect$$libshutdown$$00000000) refers (Special) to libshutdown2.o(.ARM.Collect$$libshutdown$$00000007) for __rt_lib_shutdown_fp_trap_1
    libshutdown.o(.ARM.Collect$$libshutdown$$00000000) refers (Special) to libshutdown2.o(.ARM.Collect$$libshutdown$$0000000F) for __rt_lib_shutdown_heap_1
    libshutdown.o(.ARM.Collect$$libshutdown$$00000000) refers (Special) to libshutdown2.o(.ARM.Collect$$libshutdown$$00000010) for __rt_lib_shutdown_return
    libshutdown.o(.ARM.Collect$$libshutdown$$00000000) refers (Special) to libshutdown2.o(.ARM.Collect$$libshutdown$$0000000A) for __rt_lib_shutdown_signal_1
    libshutdown.o(.ARM.Collect$$libshutdown$$00000000) refers (Special) to libshutdown2.o(.ARM.Collect$$libshutdown$$00000004) for __rt_lib_shutdown_stdio_1
    libshutdown.o(.ARM.Collect$$libshutdown$$00000000) refers (Special) to libshutdown2.o(.ARM.Collect$$libshutdown$$0000000C) for __rt_lib_shutdown_user_alloc_1
    defsig_abrt_inner.o(.text) refers to defsig_general.o(.text) for __default_signal_display
    defsig_rtred_inner.o(.text) refers to defsig_general.o(.text) for __default_signal_display
    defsig_stak_inner.o(.text) refers to defsig_general.o(.text) for __default_signal_display
    defsig_pvfn_inner.o(.text) refers to defsig_general.o(.text) for __default_signal_display
    defsig_cppl_inner.o(.text) refers to defsig_general.o(.text) for __default_signal_display
    defsig_segv_inner.o(.text) refers to defsig_general.o(.text) for __default_signal_display
    defsig_other.o(.text) refers to defsig_general.o(.text) for __default_signal_display
    lto-llvm-2258c5.o(.text._GLOBAL__sub_I_main.cpp) refers to lto-llvm-2258c5.o(.text.__cxx_global_var_init) for __cxx_global_var_init
    lto-llvm-2258c5.o(.text._GLOBAL__sub_I_main.cpp) refers to lto-llvm-2258c5.o(.text.__cxx_global_var_init.1) for __cxx_global_var_init.1
    lto-llvm-2258c5.o(.text._GLOBAL__sub_I_main.cpp) refers to lto-llvm-2258c5.o(.text.__cxx_global_var_init.2) for __cxx_global_var_init.2
    lto-llvm-2258c5.o(.text._GLOBAL__sub_I_main.cpp) refers to lto-llvm-2258c5.o(.text.__cxx_global_var_init.3) for __cxx_global_var_init.3
    lto-llvm-2258c5.o(.ARM.exidx.text._GLOBAL__sub_I_main.cpp) refers to lto-llvm-2258c5.o(.text._GLOBAL__sub_I_main.cpp) for [Anonymous Symbol]
    lto-llvm-2258c5.o(.text.__cxx_global_var_init) refers to gpio.o(.bss._ZN3uni5GPIOIE) for uni::GPIOI
    lto-llvm-2258c5.o(.text.__cxx_global_var_init) refers to gpio.o(.text._ZN3uni29GeneralPurposeInputOutputPortixEh) for uni::GeneralPurposeInputOutputPort::operator[](unsigned char)
    lto-llvm-2258c5.o(.text.__cxx_global_var_init) refers to lto-llvm-2258c5.o(.bss.LEDR) for LEDR
    lto-llvm-2258c5.o(.ARM.exidx.text.__cxx_global_var_init) refers to lto-llvm-2258c5.o(.text.__cxx_global_var_init) for [Anonymous Symbol]
    lto-llvm-2258c5.o(.text.__cxx_global_var_init.1) refers to gpio.o(.bss._ZN3uni5GPIOIE) for uni::GPIOI
    lto-llvm-2258c5.o(.text.__cxx_global_var_init.1) refers to gpio.o(.text._ZN3uni29GeneralPurposeInputOutputPortixEh) for uni::GeneralPurposeInputOutputPort::operator[](unsigned char)
    lto-llvm-2258c5.o(.text.__cxx_global_var_init.1) refers to lto-llvm-2258c5.o(.bss.LEDG) for LEDG
    lto-llvm-2258c5.o(.ARM.exidx.text.__cxx_global_var_init.1) refers to lto-llvm-2258c5.o(.text.__cxx_global_var_init.1) for [Anonymous Symbol]
    lto-llvm-2258c5.o(.text.__cxx_global_var_init.2) refers to gpio.o(.bss._ZN3uni5GPIOIE) for uni::GPIOI
    lto-llvm-2258c5.o(.text.__cxx_global_var_init.2) refers to gpio.o(.text._ZN3uni29GeneralPurposeInputOutputPortixEh) for uni::GeneralPurposeInputOutputPort::operator[](unsigned char)
    lto-llvm-2258c5.o(.text.__cxx_global_var_init.2) refers to lto-llvm-2258c5.o(.bss.LEDB) for LEDB
    lto-llvm-2258c5.o(.ARM.exidx.text.__cxx_global_var_init.2) refers to lto-llvm-2258c5.o(.text.__cxx_global_var_init.2) for [Anonymous Symbol]
    lto-llvm-2258c5.o(.text.__cxx_global_var_init.3) refers to gpio.o(.bss._ZN3uni5GPIOHE) for uni::GPIOH
    lto-llvm-2258c5.o(.text.__cxx_global_var_init.3) refers to gpio.o(.text._ZN3uni29GeneralPurposeInputOutputPortixEh) for uni::GeneralPurposeInputOutputPort::operator[](unsigned char)
    lto-llvm-2258c5.o(.text.__cxx_global_var_init.3) refers to lto-llvm-2258c5.o(.bss.KEY) for KEY
    lto-llvm-2258c5.o(.ARM.exidx.text.__cxx_global_var_init.3) refers to lto-llvm-2258c5.o(.text.__cxx_global_var_init.3) for [Anonymous Symbol]
    lto-llvm-2258c5.o(.text.main) refers to lto-llvm-2258c5.o(.bss.LEDR) for LEDR
    lto-llvm-2258c5.o(.text.main) refers to gpio.o(.text._ZN3uni28GeneralPurposeInputOutputPin7setModeENS_8GPIOMode4ModeENS_9GPIOSpeed5SpeedEb) for uni::GeneralPurposeInputOutputPin::setMode(uni::GPIOMode::Mode, uni::GPIOSpeed::Speed, bool)
    lto-llvm-2258c5.o(.text.main) refers to lto-llvm-2258c5.o(.bss.LEDG) for LEDG
    lto-llvm-2258c5.o(.text.main) refers to lto-llvm-2258c5.o(.bss.LEDB) for LEDB
    lto-llvm-2258c5.o(.text.main) refers to lto-llvm-2258c5.o(.bss.KEY) for KEY
    lto-llvm-2258c5.o(.text.main) refers to gpio.o(.text._ZN3uni28GeneralPurposeInputOutputPinaSERKS0_) for uni::GeneralPurposeInputOutputPin::operator=(uni::GeneralPurposeInputOutputPin const&)
    lto-llvm-2258c5.o(.ARM.exidx.text.main) refers to lto-llvm-2258c5.o(.text.main) for [Anonymous Symbol]
    lto-llvm-2258c5.o(.init_array) refers to lto-llvm-2258c5.o(.text._GLOBAL__sub_I_main.cpp) for _GLOBAL__sub_I_main.cpp
    gpio.o(.ARM.exidx.text._ZN3uni25GeneralPurposeInputOutputC2Ev) refers to gpio.o(.text._ZN3uni25GeneralPurposeInputOutputC2Ev) for [Anonymous Symbol]


==============================================================================

Removing Unused input sections from the image.

    Removing stm32f4.o(.text), (0 bytes).
    Removing stm32f4.o(.ARM.exidx.text.SystemInit), (8 bytes).
    Removing stm32f4.o(.data._ZN3uni5XART4E), (8 bytes).
    Removing stm32f4.o(.data._ZN3uni5XART5E), (8 bytes).
    Removing stm32f4.o(.data._ZN3uni5XART7E), (8 bytes).
    Removing stm32f4.o(.data._ZN3uni5XART8E), (8 bytes).
    Removing gpio.o(.text), (0 bytes).
    Removing gpio.o(.text._ZN3uni28GeneralPurposeInputOutputPin12setInterruptEPFvvE), (16 bytes).
    Removing gpio.o(.ARM.exidx.text._ZN3uni28GeneralPurposeInputOutputPin12setInterruptEPFvvE), (8 bytes).
    Removing gpio.o(.text._ZN3uni28GeneralPurposeInputOutputPin20setInterruptPriorityEhh), (30 bytes).
    Removing gpio.o(.ARM.exidx.text._ZN3uni28GeneralPurposeInputOutputPin20setInterruptPriorityEhh), (8 bytes).
    Removing gpio.o(.text._ZN3uni28GeneralPurposeInputOutputPin11enInterruptEb), (48 bytes).
    Removing gpio.o(.ARM.exidx.text._ZN3uni28GeneralPurposeInputOutputPin11enInterruptEb), (8 bytes).
    Removing gpio.o(.text._ZN3uni28GeneralPurposeInputOutputPin7setModeENS_8GPIORupt8RuptEdgeE), (336 bytes).
    Removing gpio.o(.ARM.exidx.text._ZN3uni28GeneralPurposeInputOutputPin7setModeENS_8GPIORupt8RuptEdgeE), (8 bytes).
    Removing gpio.o(.text._ZNK3uni28GeneralPurposeInputOutputPin7isInputEv), (32 bytes).
    Removing gpio.o(.ARM.exidx.text._ZNK3uni28GeneralPurposeInputOutputPin7isInputEv), (8 bytes).
    Removing gpio.o(.ARM.exidx.text._ZN3uni28GeneralPurposeInputOutputPin7setModeENS_8GPIOMode4ModeENS_9GPIOSpeed5SpeedEb), (8 bytes).
    Removing gpio.o(.text._ZN3uni25GeneralPurposeInputOutput5IndexEPKNS_29GeneralPurposeInputOutputPortE), (32 bytes).
    Removing gpio.o(.ARM.exidx.text._ZN3uni25GeneralPurposeInputOutput5IndexEPKNS_29GeneralPurposeInputOutputPortE), (8 bytes).
    Removing gpio.o(.text._ZN3uni29GeneralPurposeInputOutputPortC2Ejjj), (166 bytes).
    Removing gpio.o(.ARM.exidx.text._ZN3uni29GeneralPurposeInputOutputPortC2Ejjj), (8 bytes).
    Removing gpio.o(.ARM.exidx.text._ZN3uni28GeneralPurposeInputOutputPinaSERKS0_), (8 bytes).
    Removing gpio.o(.text._ZNK3uni28GeneralPurposeInputOutputPincvbEv), (28 bytes).
    Removing gpio.o(.ARM.exidx.text._ZNK3uni28GeneralPurposeInputOutputPincvbEv), (8 bytes).
    Removing gpio.o(.text._ZN3uni28GeneralPurposeInputOutputPinaSEb), (30 bytes).
    Removing gpio.o(.ARM.exidx.text._ZN3uni28GeneralPurposeInputOutputPinaSEb), (8 bytes).
    Removing gpio.o(.text._ZN3uni28GeneralPurposeInputOutputPin7setPullEb), (64 bytes).
    Removing gpio.o(.ARM.exidx.text._ZN3uni28GeneralPurposeInputOutputPin7setPullEb), (8 bytes).
    Removing gpio.o(.text._ZN3uni28GeneralPurposeInputOutputPin6ToggleEv), (22 bytes).
    Removing gpio.o(.ARM.exidx.text._ZN3uni28GeneralPurposeInputOutputPin6ToggleEv), (8 bytes).
    Removing gpio.o(.text._ZN3uni28GeneralPurposeInputOutputPin14_set_alternateEh), (54 bytes).
    Removing gpio.o(.ARM.exidx.text._ZN3uni28GeneralPurposeInputOutputPin14_set_alternateEh), (8 bytes).
    Removing gpio.o(.text._ZN3uni28GeneralPurposeInputOutputPin6getInnEv), (18 bytes).
    Removing gpio.o(.ARM.exidx.text._ZN3uni28GeneralPurposeInputOutputPin6getInnEv), (8 bytes).
    Removing gpio.o(.text._ZNK3uni28GeneralPurposeInputOutputPin9getParentEv), (4 bytes).
    Removing gpio.o(.ARM.exidx.text._ZNK3uni28GeneralPurposeInputOutputPin9getParentEv), (8 bytes).
    Removing gpio.o(.text._ZNK3uni29GeneralPurposeInputOutputPortcvjEv), (8 bytes).
    Removing gpio.o(.ARM.exidx.text._ZNK3uni29GeneralPurposeInputOutputPortcvjEv), (8 bytes).
    Removing gpio.o(.text._ZN3uni25GeneralPurposeInputOutputixEc), (26 bytes).
    Removing gpio.o(.ARM.exidx.text._ZN3uni25GeneralPurposeInputOutputixEc), (8 bytes).
    Removing gpio.o(.text._ZN3uni29GeneralPurposeInputOutputPortaSEj), (8 bytes).
    Removing gpio.o(.ARM.exidx.text._ZN3uni29GeneralPurposeInputOutputPortaSEj), (8 bytes).
    Removing gpio.o(.ARM.exidx.text._ZN3uni29GeneralPurposeInputOutputPortixEh), (8 bytes).
    Removing gpio.o(.text._ZN3uni29GeneralPurposeInputOutputPortaSERKS0_), (14 bytes).
    Removing gpio.o(.ARM.exidx.text._ZN3uni29GeneralPurposeInputOutputPortaSERKS0_), (8 bytes).
    Removing gpio.o(.ARM.exidx.text._GLOBAL__sub_I_GPIO.cpp), (8 bytes).
    Removing gpio.o(.rodata._ZN3uniL17GPIO_Request_listE), (64 bytes).
    Removing gpio.o(.rodata._ZN3uniL9GPIO_ListE), (36 bytes).
    Removing interrupt.o(.text), (0 bytes).
    Removing interrupt.o(.data._ZN3uni4EXTI13MaskInterruptE), (4 bytes).
    Removing interrupt.o(.data._ZN3uni4EXTI9MaskEventE), (4 bytes).
    Removing interrupt.o(.data._ZN3uni4EXTI13TriggerRisingE), (4 bytes).
    Removing interrupt.o(.data._ZN3uni4EXTI14TriggerFallingE), (4 bytes).
    Removing interrupt.o(.data._ZN3uni4EXTI8SoftruptE), (4 bytes).
    Removing interrupt_tab.o(.text), (0 bytes).
    Removing interrupt_tab.o(.ARM.exidx.text.EXTI0_IRQHandler), (8 bytes).
    Removing interrupt_tab.o(.ARM.exidx.text.EXTI1_IRQHandler), (8 bytes).
    Removing interrupt_tab.o(.ARM.exidx.text.EXTI2_IRQHandler), (8 bytes).
    Removing interrupt_tab.o(.ARM.exidx.text.EXTI3_IRQHandler), (8 bytes).
    Removing interrupt_tab.o(.ARM.exidx.text.EXTI4_IRQHandler), (8 bytes).
    Removing interrupt_tab.o(.ARM.exidx.text.EXTI9_5_IRQHandler), (8 bytes).
    Removing interrupt_tab.o(.ARM.exidx.text.EXTI15_10_IRQHandler), (8 bytes).
    Removing interrupt_tab.o(.ARM.exidx.text.USART1_IRQHandler), (8 bytes).
    Removing interrupt_tab.o(.ARM.exidx.text.USART2_IRQHandler), (8 bytes).
    Removing interrupt_tab.o(.ARM.exidx.text.USART3_IRQHandler), (8 bytes).
    Removing interrupt_tab.o(.ARM.exidx.text.UART4_IRQHandler), (8 bytes).
    Removing interrupt_tab.o(.ARM.exidx.text.UART5_IRQHandler), (8 bytes).
    Removing interrupt_tab.o(.ARM.exidx.text.USART6_IRQHandler), (8 bytes).
    Removing afio.o(.text), (0 bytes).
    Removing afio.o(.data._ZN3uni6SYSCFG5MEMRME), (4 bytes).
    Removing afio.o(.data._ZN3uni6SYSCFG3PMCE), (4 bytes).
    Removing afio.o(.data._ZN3uni6SYSCFG19ExternInterruptCfgsE), (16 bytes).
    Removing afio.o(.data._ZN3uni6SYSCFG5CMPCRE), (4 bytes).
    Removing nvic.o(.text), (0 bytes).
    Removing nvic.o(.text._ZN3uni6NVIC_t16getPriorityGroupEv), (4 bytes).
    Removing nvic.o(.ARM.exidx.text._ZN3uni6NVIC_t16getPriorityGroupEv), (8 bytes).
    Removing nvic.o(.text._ZN3uni6NVIC_t11setPriorityE9Request_tj), (34 bytes).
    Removing nvic.o(.ARM.exidx.text._ZN3uni6NVIC_t11setPriorityE9Request_tj), (8 bytes).
    Removing nvic.o(.text._ZN3uni6NVIC_t11setPriorityE9Request_tjj), (34 bytes).
    Removing nvic.o(.ARM.exidx.text._ZN3uni6NVIC_t11setPriorityE9Request_tjj), (8 bytes).
    Removing nvic.o(.bss._ZN3uni4NVICE), (4 bytes).
    Removing rcc.o(.text), (0 bytes).
    Removing rcc.o(.text._ZN3uni5RCC_t8setClockENS_12SysclkSource17RCCSysclockSourceE), (444 bytes).
    Removing rcc.o(.ARM.exidx.text._ZN3uni5RCC_t8setClockENS_12SysclkSource17RCCSysclockSourceE), (8 bytes).
    Removing rcc.o(.text._ZN3uni16RCCOscillatorHSE7setModeEv), (66 bytes).
    Removing rcc.o(.ARM.exidx.text._ZN3uni16RCCOscillatorHSE7setModeEv), (8 bytes).
    Removing rcc.o(.text._ZN3uni6RCCPLL7setModeEv), (68 bytes).
    Removing rcc.o(.ARM.exidx.text._ZN3uni6RCCPLL7setModeEv), (8 bytes).
    Removing rcc.o(.text._ZN3uni6RCCAHB7setModeEhbb), (76 bytes).
    Removing rcc.o(.ARM.exidx.text._ZN3uni6RCCAHB7setModeEhbb), (8 bytes).
    Removing rcc.o(.text._ZN3uni14RCCSystemClock7setModeENS_12SysclkSource17RCCSysclockSourceE), (76 bytes).
    Removing rcc.o(.ARM.exidx.text._ZN3uni14RCCSystemClock7setModeENS_12SysclkSource17RCCSysclockSourceE), (8 bytes).
    Removing rcc.o(.text._ZN3uni6RCCAPB7setModeEh), (74 bytes).
    Removing rcc.o(.ARM.exidx.text._ZN3uni6RCCAPB7setModeEh), (8 bytes).
    Removing rcc.o(.text._ZN3uni14RCCSystemClock12getFrequencyEv), (98 bytes).
    Removing rcc.o(.ARM.exidx.text._ZN3uni14RCCSystemClock12getFrequencyEv), (8 bytes).
    Removing rcc.o(.text._ZN3uni5RCC_t17getFrequencyPCLK1Ev), (38 bytes).
    Removing rcc.o(.ARM.exidx.text._ZN3uni5RCC_t17getFrequencyPCLK1Ev), (8 bytes).
    Removing rcc.o(.text._ZN3uni5RCC_t17getFrequencyPCLK2Ev), (38 bytes).
    Removing rcc.o(.ARM.exidx.text._ZN3uni5RCC_t17getFrequencyPCLK2Ev), (8 bytes).
    Removing rcc.o(.text._ZN3uni16RCCOscillatorHSI7isReadyEv), (16 bytes).
    Removing rcc.o(.ARM.exidx.text._ZN3uni16RCCOscillatorHSI7isReadyEv), (8 bytes).
    Removing rcc.o(.text._ZN3uni16RCCOscillatorHSE7isReadyEv), (16 bytes).
    Removing rcc.o(.ARM.exidx.text._ZN3uni16RCCOscillatorHSE7isReadyEv), (8 bytes).
    Removing rcc.o(.text._ZN3uni6RCCPLL7isReadyEv), (16 bytes).
    Removing rcc.o(.ARM.exidx.text._ZN3uni6RCCPLL7isReadyEv), (8 bytes).
    Removing rcc.o(.text._ZN3uni14RCCSystemClock9setSourceENS_12SysclkSource17RCCSysclockSourceE), (22 bytes).
    Removing rcc.o(.ARM.exidx.text._ZN3uni14RCCSystemClock9setSourceENS_12SysclkSource17RCCSysclockSourceE), (8 bytes).
    Removing rcc.o(.text._ZN3uni14RCCSystemClock9getSourceEv), (16 bytes).
    Removing rcc.o(.ARM.exidx.text._ZN3uni14RCCSystemClock9getSourceEv), (8 bytes).
    Removing rcc.o(.text._ZN3uni14RCCSystemClock13CurrentSourceEv), (16 bytes).
    Removing rcc.o(.ARM.exidx.text._ZN3uni14RCCSystemClock13CurrentSourceEv), (8 bytes).
    Removing rcc.o(.text._ZN3uni6RCCPLL6enAbleEb), (34 bytes).
    Removing rcc.o(.ARM.exidx.text._ZN3uni6RCCPLL6enAbleEb), (8 bytes).
    Removing rcc.o(.bss._ZN3uni5FlashE), (1 bytes).
    Removing rcc.o(.data._ZN3uni15SystemCoreClockE), (4 bytes).
    Removing rcc.o(.rodata._ZN3uni13AHBPrescTableE), (16 bytes).
    Removing rcc.o(.rodata._ZN3uni13APBPrescTableE), (8 bytes).
    Removing rcc.o(.data._ZN3uni3RCCE), (12 bytes).
    Removing systick.o(.text), (0 bytes).
    Removing systick.o(.text._ZN3uni7SysTick7enClockEj), (72 bytes).
    Removing systick.o(.ARM.exidx.text._ZN3uni7SysTick7enClockEj), (8 bytes).
    Removing systick.o(.ARM.exidx.text.SysTick_Handler), (8 bytes).
    Removing systick.o(.text.SysDelay), (20 bytes).
    Removing systick.o(.ARM.exidx.text.SysDelay), (8 bytes).
    Removing lto-llvm-2258c5.o(.text), (0 bytes).
    Removing lto-llvm-2258c5.o(.ARM.exidx.text._GLOBAL__sub_I_main.cpp), (8 bytes).
    Removing lto-llvm-2258c5.o(.ARM.exidx.text.__cxx_global_var_init), (8 bytes).
    Removing lto-llvm-2258c5.o(.ARM.exidx.text.__cxx_global_var_init.1), (8 bytes).
    Removing lto-llvm-2258c5.o(.ARM.exidx.text.__cxx_global_var_init.2), (8 bytes).
    Removing lto-llvm-2258c5.o(.ARM.exidx.text.__cxx_global_var_init.3), (8 bytes).
    Removing lto-llvm-2258c5.o(.ARM.exidx.text.main), (8 bytes).
    Removing lto-llvm-2258c5.o(.ARM.use_no_argv), (4 bytes).
    Removing gpio.o(.ARM.exidx.text._ZN3uni25GeneralPurposeInputOutputC2Ev), (8 bytes).

135 unused section(s) (total 2963 bytes) removed from the image.

==============================================================================

Image Symbol Table

    Local Symbols

    Symbol Name                              Value     Ov Type        Size  Object(Section)

    ../../../../LibSTM32CubeMX/CMSIS/Device/ST/STM32F4xx/Source/Templates/arm/startup_stm32f407xx.s 0x00000000   Number         0  startup_stm32f407xx.o ABSOLUTE
    ../clib/angel/boardlib.s                 0x00000000   Number         0  boardinit1.o ABSOLUTE
    ../clib/angel/boardlib.s                 0x00000000   Number         0  boardinit2.o ABSOLUTE
    ../clib/angel/boardlib.s                 0x00000000   Number         0  boardinit3.o ABSOLUTE
    ../clib/angel/boardlib.s                 0x00000000   Number         0  boardshut.o ABSOLUTE
    ../clib/angel/handlers.s                 0x00000000   Number         0  __scatter_copy.o ABSOLUTE
    ../clib/angel/handlers.s                 0x00000000   Number         0  __scatter_zi.o ABSOLUTE
    ../clib/angel/kernel.s                   0x00000000   Number         0  __rtentry.o ABSOLUTE
    ../clib/angel/kernel.s                   0x00000000   Number         0  __rtentry2.o ABSOLUTE
    ../clib/angel/kernel.s                   0x00000000   Number         0  __rtentry4.o ABSOLUTE
    ../clib/angel/kernel.s                   0x00000000   Number         0  rtexit.o ABSOLUTE
    ../clib/angel/kernel.s                   0x00000000   Number         0  rtexit2.o ABSOLUTE
    ../clib/angel/rt.s                       0x00000000   Number         0  aeabi_ldiv0.o ABSOLUTE
    ../clib/angel/rt.s                       0x00000000   Number         0  aeabi_ldiv0_sigfpe.o ABSOLUTE
    ../clib/angel/rt.s                       0x00000000   Number         0  rt_div0.o ABSOLUTE
    ../clib/angel/rt.s                       0x00000000   Number         0  rt_raise.o ABSOLUTE
    ../clib/angel/scatter.s                  0x00000000   Number         0  __scatter.o ABSOLUTE
    ../clib/angel/startup.s                  0x00000000   Number         0  __main.o ABSOLUTE
    ../clib/angel/sys.s                      0x00000000   Number         0  sys_stackheap_outer.o ABSOLUTE
    ../clib/angel/sys.s                      0x00000000   Number         0  libspace.o ABSOLUTE
    ../clib/angel/sys.s                      0x00000000   Number         0  use_no_semi.o ABSOLUTE
    ../clib/angel/sys.s                      0x00000000   Number         0  indicate_semi.o ABSOLUTE
    ../clib/angel/sysapp.c                   0x00000000   Number         0  sys_command.o ABSOLUTE
    ../clib/angel/sysapp.c                   0x00000000   Number         0  sys_command_hlt.o ABSOLUTE
    ../clib/angel/sysapp.c                   0x00000000   Number         0  sys_exit.o ABSOLUTE
    ../clib/angel/sysapp.c                   0x00000000   Number         0  sys_exit_hlt.o ABSOLUTE
    ../clib/angel/sysapp.c                   0x00000000   Number         0  sys_wrch.o ABSOLUTE
    ../clib/angel/sysapp.c                   0x00000000   Number         0  sys_wrch_hlt.o ABSOLUTE
    ../clib/arm_runtime.c                    0x00000000   Number         0  init_aeabi.o ABSOLUTE
    ../clib/arm_runtime.c                    0x00000000   Number         0  init_aeabi.o ABSOLUTE
    ../clib/armsys.c                         0x00000000   Number         0  argv_veneer.o ABSOLUTE
    ../clib/armsys.c                         0x00000000   Number         0  argv_veneer.o ABSOLUTE
    ../clib/armsys.c                         0x00000000   Number         0  _get_argv_nomalloc.o ABSOLUTE
    ../clib/armsys.c                         0x00000000   Number         0  no_argv.o ABSOLUTE
    ../clib/heapalloc.c                      0x00000000   Number         0  hrguard.o ABSOLUTE
    ../clib/heapaux.c                        0x00000000   Number         0  heapauxi.o ABSOLUTE
    ../clib/libinit.s                        0x00000000   Number         0  libinit2.o ABSOLUTE
    ../clib/libinit.s                        0x00000000   Number         0  libinit.o ABSOLUTE
    ../clib/libinit.s                        0x00000000   Number         0  libshutdown.o ABSOLUTE
    ../clib/libinit.s                        0x00000000   Number         0  libshutdown2.o ABSOLUTE
    ../clib/longlong.s                       0x00000000   Number         0  lludivv7m.o ABSOLUTE
    ../clib/r_arm_target.c                   0x00000000   Number         0  __ARM_resolve_target1.o ABSOLUTE
    ../clib/r_arm_target.c                   0x00000000   Number         0  __ARM_resolve_target1_abs32.o ABSOLUTE
    ../clib/signal.c                         0x00000000   Number         0  defsig_fpe_outer.o ABSOLUTE
    ../clib/signal.c                         0x00000000   Number         0  defsig_fpe_formal.o ABSOLUTE
    ../clib/signal.c                         0x00000000   Number         0  defsig_exit.o ABSOLUTE
    ../clib/signal.c                         0x00000000   Number         0  defsig_fpe_inner.o ABSOLUTE
    ../clib/signal.c                         0x00000000   Number         0  defsig_rtmem_outer.o ABSOLUTE
    ../clib/signal.c                         0x00000000   Number         0  defsig_rtmem_formal.o ABSOLUTE
    ../clib/signal.c                         0x00000000   Number         0  __raise.o ABSOLUTE
    ../clib/signal.c                         0x00000000   Number         0  defsig_general.o ABSOLUTE
    ../clib/signal.c                         0x00000000   Number         0  defsig_rtmem_inner.o ABSOLUTE
    ../clib/signal.c                         0x00000000   Number         0  defsig_abrt_inner.o ABSOLUTE
    ../clib/signal.c                         0x00000000   Number         0  defsig_rtred_inner.o ABSOLUTE
    ../clib/signal.c                         0x00000000   Number         0  defsig_stak_inner.o ABSOLUTE
    ../clib/signal.c                         0x00000000   Number         0  defsig_pvfn_inner.o ABSOLUTE
    ../clib/signal.c                         0x00000000   Number         0  defsig_cppl_inner.o ABSOLUTE
    ../clib/signal.c                         0x00000000   Number         0  defsig_segv_inner.o ABSOLUTE
    ../clib/signal.c                         0x00000000   Number         0  defsig_other.o ABSOLUTE
    ../clib/signal.s                         0x00000000   Number         0  defsig.o ABSOLUTE
    ../clib/stdlib.c                         0x00000000   Number         0  exit.o ABSOLUTE
    ../fplib/fpinit.s                        0x00000000   Number         0  fpinit.o ABSOLUTE
    AFIO.cpp                                 0x00000000   Number         0  afio.o ABSOLUTE
    GPIO.cpp                                 0x00000000   Number         0  gpio.o ABSOLUTE
    NVIC.cpp                                 0x00000000   Number         0  nvic.o ABSOLUTE
    RCC.cpp                                  0x00000000   Number         0  rcc.o ABSOLUTE
    STM32F4.cpp                              0x00000000   Number         0  stm32f4.o ABSOLUTE
    SysTick.cpp                              0x00000000   Number         0  systick.o ABSOLUTE
    dc.s                                     0x00000000   Number         0  dc.o ABSOLUTE
    interrupt.cpp                            0x00000000   Number         0  interrupt.o ABSOLUTE
    interrupt_tab.cpp                        0x00000000   Number         0  interrupt_tab.o ABSOLUTE
    ld-temp.o                                0x00000000   Number         0  lto-llvm-2258c5.o ABSOLUTE
    RESET                                    0x08000000   Section      392  startup_stm32f407xx.o(RESET)
    !!!main                                  0x08000188   Section        8  __main.o(!!!main)
    !!!scatter                               0x08000190   Section       52  __scatter.o(!!!scatter)
    !!handler_copy                           0x080001c4   Section       26  __scatter_copy.o(!!handler_copy)
    !!handler_zi                             0x080001e0   Section       28  __scatter_zi.o(!!handler_zi)
    .ARM.Collect$$libinit$$00000000          0x080001fc   Section        2  libinit.o(.ARM.Collect$$libinit$$00000000)
    .ARM.Collect$$libinit$$00000001          0x080001fe   Section        4  libinit2.o(.ARM.Collect$$libinit$$00000001)
    .ARM.Collect$$libinit$$00000004          0x08000202   Section        0  libinit2.o(.ARM.Collect$$libinit$$00000004)
    .ARM.Collect$$libinit$$00000006          0x08000202   Section        0  libinit2.o(.ARM.Collect$$libinit$$00000006)
    .ARM.Collect$$libinit$$0000000C          0x08000202   Section        0  libinit2.o(.ARM.Collect$$libinit$$0000000C)
    .ARM.Collect$$libinit$$0000000E          0x08000202   Section        0  libinit2.o(.ARM.Collect$$libinit$$0000000E)
    .ARM.Collect$$libinit$$00000010          0x08000202   Section        0  libinit2.o(.ARM.Collect$$libinit$$00000010)
    .ARM.Collect$$libinit$$00000013          0x08000202   Section        0  libinit2.o(.ARM.Collect$$libinit$$00000013)
    .ARM.Collect$$libinit$$00000015          0x08000202   Section        0  libinit2.o(.ARM.Collect$$libinit$$00000015)
    .ARM.Collect$$libinit$$00000017          0x08000202   Section        0  libinit2.o(.ARM.Collect$$libinit$$00000017)
    .ARM.Collect$$libinit$$00000019          0x08000202   Section        0  libinit2.o(.ARM.Collect$$libinit$$00000019)
    .ARM.Collect$$libinit$$0000001B          0x08000202   Section        0  libinit2.o(.ARM.Collect$$libinit$$0000001B)
    .ARM.Collect$$libinit$$0000001D          0x08000202   Section        0  libinit2.o(.ARM.Collect$$libinit$$0000001D)
    .ARM.Collect$$libinit$$0000001F          0x08000202   Section        0  libinit2.o(.ARM.Collect$$libinit$$0000001F)
    .ARM.Collect$$libinit$$00000021          0x08000202   Section        0  libinit2.o(.ARM.Collect$$libinit$$00000021)
    .ARM.Collect$$libinit$$00000023          0x08000202   Section        0  libinit2.o(.ARM.Collect$$libinit$$00000023)
    .ARM.Collect$$libinit$$00000025          0x08000202   Section        0  libinit2.o(.ARM.Collect$$libinit$$00000025)
    .ARM.Collect$$libinit$$00000027          0x08000202   Section        0  libinit2.o(.ARM.Collect$$libinit$$00000027)
    .ARM.Collect$$libinit$$0000002E          0x08000202   Section        0  libinit2.o(.ARM.Collect$$libinit$$0000002E)
    .ARM.Collect$$libinit$$00000030          0x08000202   Section        0  libinit2.o(.ARM.Collect$$libinit$$00000030)
    .ARM.Collect$$libinit$$00000032          0x08000202   Section        0  libinit2.o(.ARM.Collect$$libinit$$00000032)
    .ARM.Collect$$libinit$$00000033          0x08000202   Section        4  libinit2.o(.ARM.Collect$$libinit$$00000033)
    .ARM.Collect$$libinit$$00000034          0x08000206   Section        0  libinit2.o(.ARM.Collect$$libinit$$00000034)
    .ARM.Collect$$libinit$$00000035          0x08000206   Section        2  libinit2.o(.ARM.Collect$$libinit$$00000035)
    .ARM.Collect$$libshutdown$$00000000      0x08000208   Section        2  libshutdown.o(.ARM.Collect$$libshutdown$$00000000)
    .ARM.Collect$$libshutdown$$00000002      0x0800020a   Section        0  libshutdown2.o(.ARM.Collect$$libshutdown$$00000002)
    .ARM.Collect$$libshutdown$$00000004      0x0800020a   Section        0  libshutdown2.o(.ARM.Collect$$libshutdown$$00000004)
    .ARM.Collect$$libshutdown$$00000007      0x0800020a   Section        0  libshutdown2.o(.ARM.Collect$$libshutdown$$00000007)
    .ARM.Collect$$libshutdown$$0000000A      0x0800020a   Section        0  libshutdown2.o(.ARM.Collect$$libshutdown$$0000000A)
    .ARM.Collect$$libshutdown$$0000000C      0x0800020a   Section        0  libshutdown2.o(.ARM.Collect$$libshutdown$$0000000C)
    .ARM.Collect$$libshutdown$$0000000F      0x0800020a   Section        0  libshutdown2.o(.ARM.Collect$$libshutdown$$0000000F)
    .ARM.Collect$$libshutdown$$00000010      0x0800020a   Section        2  libshutdown2.o(.ARM.Collect$$libshutdown$$00000010)
    .ARM.Collect$$rtentry$$00000000          0x0800020c   Section        0  __rtentry.o(.ARM.Collect$$rtentry$$00000000)
    .ARM.Collect$$rtentry$$00000002          0x0800020c   Section        0  __rtentry2.o(.ARM.Collect$$rtentry$$00000002)
    .ARM.Collect$$rtentry$$00000004          0x0800020c   Section        6  __rtentry4.o(.ARM.Collect$$rtentry$$00000004)
    .ARM.Collect$$rtentry$$00000009          0x08000212   Section        0  __rtentry2.o(.ARM.Collect$$rtentry$$00000009)
    .ARM.Collect$$rtentry$$0000000A          0x08000212   Section        4  __rtentry2.o(.ARM.Collect$$rtentry$$0000000A)
    .ARM.Collect$$rtentry$$0000000C          0x08000216   Section        0  __rtentry2.o(.ARM.Collect$$rtentry$$0000000C)
    .ARM.Collect$$rtentry$$0000000D          0x08000216   Section        8  __rtentry2.o(.ARM.Collect$$rtentry$$0000000D)
    .ARM.Collect$$rtexit$$00000000           0x0800021e   Section        2  rtexit.o(.ARM.Collect$$rtexit$$00000000)
    .ARM.Collect$$rtexit$$00000002           0x08000220   Section        0  rtexit2.o(.ARM.Collect$$rtexit$$00000002)
    .ARM.Collect$$rtexit$$00000003           0x08000220   Section        4  rtexit2.o(.ARM.Collect$$rtexit$$00000003)
    .ARM.Collect$$rtexit$$00000004           0x08000224   Section        6  rtexit2.o(.ARM.Collect$$rtexit$$00000004)
    $v0                                      0x0800022c   Number         0  startup_stm32f407xx.o(.text)
    .text                                    0x0800022c   Section       64  startup_stm32f407xx.o(.text)
    .text                                    0x0800026c   Section        0  heapauxi.o(.text)
    .text                                    0x08000274   Section        0  init_aeabi.o(.text)
    .text                                    0x08000298   Section       74  sys_stackheap_outer.o(.text)
    .text                                    0x080002e2   Section        0  exit.o(.text)
    .text                                    0x080002f4   Section        8  libspace.o(.text)
    .text                                    0x080002fc   Section        0  sys_exit.o(.text)
    .text                                    0x08000308   Section        2  use_no_semi.o(.text)
    .text                                    0x0800030a   Section        0  indicate_semi.o(.text)
    [Anonymous Symbol]                       0x0800030c   Section        0  interrupt_tab.o(.text.EXTI0_IRQHandler)
    [Anonymous Symbol]                       0x08000338   Section        0  interrupt_tab.o(.text.EXTI15_10_IRQHandler)
    [Anonymous Symbol]                       0x0800037c   Section        0  interrupt_tab.o(.text.EXTI1_IRQHandler)
    [Anonymous Symbol]                       0x080003a8   Section        0  interrupt_tab.o(.text.EXTI2_IRQHandler)
    [Anonymous Symbol]                       0x080003d4   Section        0  interrupt_tab.o(.text.EXTI3_IRQHandler)
    [Anonymous Symbol]                       0x08000400   Section        0  interrupt_tab.o(.text.EXTI4_IRQHandler)
    [Anonymous Symbol]                       0x0800042c   Section        0  interrupt_tab.o(.text.EXTI9_5_IRQHandler)
    [Anonymous Symbol]                       0x08000470   Section        0  systick.o(.text.SysTick_Handler)
    [Anonymous Symbol]                       0x08000488   Section        0  stm32f4.o(.text.SystemInit)
    [Anonymous Symbol]                       0x0800049c   Section        0  interrupt_tab.o(.text.UART4_IRQHandler)
    [Anonymous Symbol]                       0x080004a0   Section        0  interrupt_tab.o(.text.UART5_IRQHandler)
    [Anonymous Symbol]                       0x080004a4   Section        0  interrupt_tab.o(.text.USART1_IRQHandler)
    [Anonymous Symbol]                       0x080004c8   Section        0  interrupt_tab.o(.text.USART2_IRQHandler)
    [Anonymous Symbol]                       0x080004ec   Section        0  interrupt_tab.o(.text.USART3_IRQHandler)
    [Anonymous Symbol]                       0x08000510   Section        0  interrupt_tab.o(.text.USART6_IRQHandler)
    _GLOBAL__sub_I_GPIO.cpp                  0x08000535   Thumb Code  1496  gpio.o(.text._GLOBAL__sub_I_GPIO.cpp)
    [Anonymous Symbol]                       0x08000534   Section        0  gpio.o(.text._GLOBAL__sub_I_GPIO.cpp)
    _GLOBAL__sub_I_main.cpp                  0x08000b0d   Thumb Code    22  lto-llvm-2258c5.o(.text._GLOBAL__sub_I_main.cpp)
    [Anonymous Symbol]                       0x08000b0c   Section        0  lto-llvm-2258c5.o(.text._GLOBAL__sub_I_main.cpp)
    [Anonymous Symbol]                       0x08000b24   Section        0  gpio.o(.text._ZN3uni25GeneralPurposeInputOutputC2Ev)
    [Anonymous Symbol]                       0x08000bc0   Section        0  gpio.o(.text._ZN3uni28GeneralPurposeInputOutputPin7setModeENS_8GPIOMode4ModeENS_9GPIOSpeed5SpeedEb)
    [Anonymous Symbol]                       0x08000c78   Section        0  gpio.o(.text._ZN3uni28GeneralPurposeInputOutputPinaSERKS0_)
    [Anonymous Symbol]                       0x08000ccc   Section        0  gpio.o(.text._ZN3uni29GeneralPurposeInputOutputPortixEh)
    __cxx_global_var_init                    0x08000ce1   Thumb Code    28  lto-llvm-2258c5.o(.text.__cxx_global_var_init)
    [Anonymous Symbol]                       0x08000ce0   Section        0  lto-llvm-2258c5.o(.text.__cxx_global_var_init)
    __cxx_global_var_init.1                  0x08000cfd   Thumb Code    28  lto-llvm-2258c5.o(.text.__cxx_global_var_init.1)
    [Anonymous Symbol]                       0x08000cfc   Section        0  lto-llvm-2258c5.o(.text.__cxx_global_var_init.1)
    __cxx_global_var_init.2                  0x08000d19   Thumb Code    28  lto-llvm-2258c5.o(.text.__cxx_global_var_init.2)
    [Anonymous Symbol]                       0x08000d18   Section        0  lto-llvm-2258c5.o(.text.__cxx_global_var_init.2)
    __cxx_global_var_init.3                  0x08000d35   Thumb Code    28  lto-llvm-2258c5.o(.text.__cxx_global_var_init.3)
    [Anonymous Symbol]                       0x08000d34   Section        0  lto-llvm-2258c5.o(.text.__cxx_global_var_init.3)
    [Anonymous Symbol]                       0x08000d50   Section        0  lto-llvm-2258c5.o(.text.main)
    $v0                                      0x08000dc4   Number         0  fpinit.o(x$fpl$fpinit)
    x$fpl$fpinit                             0x08000dc4   Section       26  fpinit.o(x$fpl$fpinit)
    .init_array                              0x08000e04   Section        0  init_aeabi.o(.init_array)
    .bss                                     0x20000028   Section       96  libspace.o(.bss)
    KEY                                      0x200000e8   Data           4  lto-llvm-2258c5.o(.bss.KEY)
    [Anonymous Symbol]                       0x200000e8   Section        0  lto-llvm-2258c5.o(.bss.KEY)
    LEDB                                     0x200000ec   Data           4  lto-llvm-2258c5.o(.bss.LEDB)
    [Anonymous Symbol]                       0x200000ec   Section        0  lto-llvm-2258c5.o(.bss.LEDB)
    LEDG                                     0x200000f0   Data           4  lto-llvm-2258c5.o(.bss.LEDG)
    [Anonymous Symbol]                       0x200000f0   Section        0  lto-llvm-2258c5.o(.bss.LEDG)
    LEDR                                     0x200000f4   Data           4  lto-llvm-2258c5.o(.bss.LEDR)
    [Anonymous Symbol]                       0x200000f4   Section        0  lto-llvm-2258c5.o(.bss.LEDR)
    Heap_Mem                                 0x20000a60   Data         512  startup_stm32f407xx.o(HEAP)
    HEAP                                     0x20000a60   Section      512  startup_stm32f407xx.o(HEAP)
    Stack_Mem                                0x20000c60   Data        1024  startup_stm32f407xx.o(STACK)
    STACK                                    0x20000c60   Section     1024  startup_stm32f407xx.o(STACK)
    __initial_sp                             0x20001060   Data           0  startup_stm32f407xx.o(STACK)

    Global Symbols

    Symbol Name                              Value     Ov Type        Size  Object(Section)

    BuildAttributes$$THM_ISAv4$E$P$D$K$B$S$7EM$VFPi3$EXTD16$VFPS$VFMA$PE$A:L22UL41UL21$X:L11$S22US41US21$IEEE1$IW$~IW$USESV6$~STKCKD$USESV7$WCHAR32$ENUMINT$~SHL$OTIME$ROPI$IEEEF$EBA8$UX$STANDARDLIB$REQ8$PRES8$EABIv2 0x00000000   Number         0  anon$$obj.o ABSOLUTE
    __ARM_exceptions_init                     - Undefined Weak Reference
    __alloca_initialize                       - Undefined Weak Reference
    __arm_preinit_                            - Undefined Weak Reference
    __arm_relocate_pie_                       - Undefined Weak Reference
    __cxa_finalize                            - Undefined Weak Reference
    __rt_locale                               - Undefined Weak Reference
    __sigvec_lookup                           - Undefined Weak Reference
    _atexit_init                              - Undefined Weak Reference
    _call_atexit_fns                          - Undefined Weak Reference
    _clock_init                               - Undefined Weak Reference
    _fp_trap_init                             - Undefined Weak Reference
    _fp_trap_shutdown                         - Undefined Weak Reference
    _get_lc_collate                           - Undefined Weak Reference
    _get_lc_ctype                             - Undefined Weak Reference
    _get_lc_monetary                          - Undefined Weak Reference
    _get_lc_numeric                           - Undefined Weak Reference
    _get_lc_time                              - Undefined Weak Reference
    _getenv_init                              - Undefined Weak Reference
    _handle_redirection                       - Undefined Weak Reference
    _init_alloc                               - Undefined Weak Reference
    _init_user_alloc                          - Undefined Weak Reference
    _initio                                   - Undefined Weak Reference
    _rand_init                                - Undefined Weak Reference
    _signal_finish                            - Undefined Weak Reference
    _signal_init                              - Undefined Weak Reference
    _terminate_alloc                          - Undefined Weak Reference
    _terminate_user_alloc                     - Undefined Weak Reference
    _terminateio                              - Undefined Weak Reference
    __Vectors_Size                           0x00000188   Number         0  startup_stm32f407xx.o ABSOLUTE
    __Vectors                                0x08000000   Data           4  startup_stm32f407xx.o(RESET)
    __Vectors_End                            0x08000188   Data           0  startup_stm32f407xx.o(RESET)
    __main                                   0x08000189   Thumb Code     8  __main.o(!!!main)
    __scatterload                            0x08000191   Thumb Code     0  __scatter.o(!!!scatter)
    __scatterload_rt2                        0x08000191   Thumb Code    44  __scatter.o(!!!scatter)
    __scatterload_rt2_thumb_only             0x08000191   Thumb Code     0  __scatter.o(!!!scatter)
    __scatterload_null                       0x0800019f   Thumb Code     0  __scatter.o(!!!scatter)
    __scatterload_copy                       0x080001c5   Thumb Code    26  __scatter_copy.o(!!handler_copy)
    __scatterload_zeroinit                   0x080001e1   Thumb Code    28  __scatter_zi.o(!!handler_zi)
    __rt_lib_init                            0x080001fd   Thumb Code     0  libinit.o(.ARM.Collect$$libinit$$00000000)
    __rt_lib_init_fp_1                       0x080001ff   Thumb Code     0  libinit2.o(.ARM.Collect$$libinit$$00000001)
    __rt_lib_init_alloca_1                   0x08000203   Thumb Code     0  libinit2.o(.ARM.Collect$$libinit$$00000030)
    __rt_lib_init_argv_1                     0x08000203   Thumb Code     0  libinit2.o(.ARM.Collect$$libinit$$0000002E)
    __rt_lib_init_atexit_1                   0x08000203   Thumb Code     0  libinit2.o(.ARM.Collect$$libinit$$0000001D)
    __rt_lib_init_clock_1                    0x08000203   Thumb Code     0  libinit2.o(.ARM.Collect$$libinit$$00000023)
    __rt_lib_init_cpp_2                      0x08000203   Thumb Code     0  libinit2.o(.ARM.Collect$$libinit$$00000033)
    __rt_lib_init_exceptions_1               0x08000203   Thumb Code     0  libinit2.o(.ARM.Collect$$libinit$$00000032)
    __rt_lib_init_fp_trap_1                  0x08000203   Thumb Code     0  libinit2.o(.ARM.Collect$$libinit$$00000021)
    __rt_lib_init_getenv_1                   0x08000203   Thumb Code     0  libinit2.o(.ARM.Collect$$libinit$$00000025)
    __rt_lib_init_heap_1                     0x08000203   Thumb Code     0  libinit2.o(.ARM.Collect$$libinit$$0000000C)
    __rt_lib_init_lc_collate_1               0x08000203   Thumb Code     0  libinit2.o(.ARM.Collect$$libinit$$00000013)
    __rt_lib_init_lc_ctype_1                 0x08000203   Thumb Code     0  libinit2.o(.ARM.Collect$$libinit$$00000015)
    __rt_lib_init_lc_monetary_1              0x08000203   Thumb Code     0  libinit2.o(.ARM.Collect$$libinit$$00000017)
    __rt_lib_init_lc_numeric_1               0x08000203   Thumb Code     0  libinit2.o(.ARM.Collect$$libinit$$00000019)
    __rt_lib_init_lc_time_1                  0x08000203   Thumb Code     0  libinit2.o(.ARM.Collect$$libinit$$0000001B)
    __rt_lib_init_preinit_1                  0x08000203   Thumb Code     0  libinit2.o(.ARM.Collect$$libinit$$00000006)
    __rt_lib_init_rand_1                     0x08000203   Thumb Code     0  libinit2.o(.ARM.Collect$$libinit$$00000010)
    __rt_lib_init_relocate_pie_1             0x08000203   Thumb Code     0  libinit2.o(.ARM.Collect$$libinit$$00000004)
    __rt_lib_init_signal_1                   0x08000203   Thumb Code     0  libinit2.o(.ARM.Collect$$libinit$$0000001F)
    __rt_lib_init_stdio_1                    0x08000203   Thumb Code     0  libinit2.o(.ARM.Collect$$libinit$$00000027)
    __rt_lib_init_user_alloc_1               0x08000203   Thumb Code     0  libinit2.o(.ARM.Collect$$libinit$$0000000E)
    __rt_lib_init_cpp_1                      0x08000207   Thumb Code     0  libinit2.o(.ARM.Collect$$libinit$$00000034)
    __rt_lib_init_return                     0x08000207   Thumb Code     0  libinit2.o(.ARM.Collect$$libinit$$00000035)
    __rt_lib_shutdown                        0x08000209   Thumb Code     0  libshutdown.o(.ARM.Collect$$libshutdown$$00000000)
    __rt_lib_shutdown_cpp_1                  0x0800020b   Thumb Code     0  libshutdown2.o(.ARM.Collect$$libshutdown$$00000002)
    __rt_lib_shutdown_fp_trap_1              0x0800020b   Thumb Code     0  libshutdown2.o(.ARM.Collect$$libshutdown$$00000007)
    __rt_lib_shutdown_heap_1                 0x0800020b   Thumb Code     0  libshutdown2.o(.ARM.Collect$$libshutdown$$0000000F)
    __rt_lib_shutdown_return                 0x0800020b   Thumb Code     0  libshutdown2.o(.ARM.Collect$$libshutdown$$00000010)
    __rt_lib_shutdown_signal_1               0x0800020b   Thumb Code     0  libshutdown2.o(.ARM.Collect$$libshutdown$$0000000A)
    __rt_lib_shutdown_stdio_1                0x0800020b   Thumb Code     0  libshutdown2.o(.ARM.Collect$$libshutdown$$00000004)
    __rt_lib_shutdown_user_alloc_1           0x0800020b   Thumb Code     0  libshutdown2.o(.ARM.Collect$$libshutdown$$0000000C)
    __rt_entry                               0x0800020d   Thumb Code     0  __rtentry.o(.ARM.Collect$$rtentry$$00000000)
    __rt_entry_presh_1                       0x0800020d   Thumb Code     0  __rtentry2.o(.ARM.Collect$$rtentry$$00000002)
    __rt_entry_sh                            0x0800020d   Thumb Code     0  __rtentry4.o(.ARM.Collect$$rtentry$$00000004)
    __rt_entry_li                            0x08000213   Thumb Code     0  __rtentry2.o(.ARM.Collect$$rtentry$$0000000A)
    __rt_entry_postsh_1                      0x08000213   Thumb Code     0  __rtentry2.o(.ARM.Collect$$rtentry$$00000009)
    __rt_entry_main                          0x08000217   Thumb Code     0  __rtentry2.o(.ARM.Collect$$rtentry$$0000000D)
    __rt_entry_postli_1                      0x08000217   Thumb Code     0  __rtentry2.o(.ARM.Collect$$rtentry$$0000000C)
    __rt_exit                                0x0800021f   Thumb Code     0  rtexit.o(.ARM.Collect$$rtexit$$00000000)
    __rt_exit_ls                             0x08000221   Thumb Code     0  rtexit2.o(.ARM.Collect$$rtexit$$00000003)
    __rt_exit_prels_1                        0x08000221   Thumb Code     0  rtexit2.o(.ARM.Collect$$rtexit$$00000002)
    __rt_exit_exit                           0x08000225   Thumb Code     0  rtexit2.o(.ARM.Collect$$rtexit$$00000004)
    Reset_Handler                            0x0800022d   Thumb Code     8  startup_stm32f407xx.o(.text)
    NMI_Handler                              0x08000235   Thumb Code     2  startup_stm32f407xx.o(.text)
    HardFault_Handler                        0x08000237   Thumb Code     2  startup_stm32f407xx.o(.text)
    MemManage_Handler                        0x08000239   Thumb Code     2  startup_stm32f407xx.o(.text)
    BusFault_Handler                         0x0800023b   Thumb Code     2  startup_stm32f407xx.o(.text)
    UsageFault_Handler                       0x0800023d   Thumb Code     2  startup_stm32f407xx.o(.text)
    SVC_Handler                              0x0800023f   Thumb Code     2  startup_stm32f407xx.o(.text)
    DebugMon_Handler                         0x08000241   Thumb Code     2  startup_stm32f407xx.o(.text)
    PendSV_Handler                           0x08000243   Thumb Code     2  startup_stm32f407xx.o(.text)
    ADC_IRQHandler                           0x08000247   Thumb Code     0  startup_stm32f407xx.o(.text)
    CAN1_RX0_IRQHandler                      0x08000247   Thumb Code     0  startup_stm32f407xx.o(.text)
    CAN1_RX1_IRQHandler                      0x08000247   Thumb Code     0  startup_stm32f407xx.o(.text)
    CAN1_SCE_IRQHandler                      0x08000247   Thumb Code     0  startup_stm32f407xx.o(.text)
    CAN1_TX_IRQHandler                       0x08000247   Thumb Code     0  startup_stm32f407xx.o(.text)
    CAN2_RX0_IRQHandler                      0x08000247   Thumb Code     0  startup_stm32f407xx.o(.text)
    CAN2_RX1_IRQHandler                      0x08000247   Thumb Code     0  startup_stm32f407xx.o(.text)
    CAN2_SCE_IRQHandler                      0x08000247   Thumb Code     0  startup_stm32f407xx.o(.text)
    CAN2_TX_IRQHandler                       0x08000247   Thumb Code     0  startup_stm32f407xx.o(.text)
    DCMI_IRQHandler                          0x08000247   Thumb Code     0  startup_stm32f407xx.o(.text)
    DMA1_Stream0_IRQHandler                  0x08000247   Thumb Code     0  startup_stm32f407xx.o(.text)
    DMA1_Stream1_IRQHandler                  0x08000247   Thumb Code     0  startup_stm32f407xx.o(.text)
    DMA1_Stream2_IRQHandler                  0x08000247   Thumb Code     0  startup_stm32f407xx.o(.text)
    DMA1_Stream3_IRQHandler                  0x08000247   Thumb Code     0  startup_stm32f407xx.o(.text)
    DMA1_Stream4_IRQHandler                  0x08000247   Thumb Code     0  startup_stm32f407xx.o(.text)
    DMA1_Stream5_IRQHandler                  0x08000247   Thumb Code     0  startup_stm32f407xx.o(.text)
    DMA1_Stream6_IRQHandler                  0x08000247   Thumb Code     0  startup_stm32f407xx.o(.text)
    DMA1_Stream7_IRQHandler                  0x08000247   Thumb Code     0  startup_stm32f407xx.o(.text)
    DMA2_Stream0_IRQHandler                  0x08000247   Thumb Code     0  startup_stm32f407xx.o(.text)
    DMA2_Stream1_IRQHandler                  0x08000247   Thumb Code     0  startup_stm32f407xx.o(.text)
    DMA2_Stream2_IRQHandler                  0x08000247   Thumb Code     0  startup_stm32f407xx.o(.text)
    DMA2_Stream3_IRQHandler                  0x08000247   Thumb Code     0  startup_stm32f407xx.o(.text)
    DMA2_Stream4_IRQHandler                  0x08000247   Thumb Code     0  startup_stm32f407xx.o(.text)
    DMA2_Stream5_IRQHandler                  0x08000247   Thumb Code     0  startup_stm32f407xx.o(.text)
    DMA2_Stream6_IRQHandler                  0x08000247   Thumb Code     0  startup_stm32f407xx.o(.text)
    DMA2_Stream7_IRQHandler                  0x08000247   Thumb Code     0  startup_stm32f407xx.o(.text)
    ETH_IRQHandler                           0x08000247   Thumb Code     0  startup_stm32f407xx.o(.text)
    ETH_WKUP_IRQHandler                      0x08000247   Thumb Code     0  startup_stm32f407xx.o(.text)
    FLASH_IRQHandler                         0x08000247   Thumb Code     0  startup_stm32f407xx.o(.text)
    FMC_IRQHandler                           0x08000247   Thumb Code     0  startup_stm32f407xx.o(.text)
    FPU_IRQHandler                           0x08000247   Thumb Code     0  startup_stm32f407xx.o(.text)
    HASH_RNG_IRQHandler                      0x08000247   Thumb Code     0  startup_stm32f407xx.o(.text)
    I2C1_ER_IRQHandler                       0x08000247   Thumb Code     0  startup_stm32f407xx.o(.text)
    I2C1_EV_IRQHandler                       0x08000247   Thumb Code     0  startup_stm32f407xx.o(.text)
    I2C2_ER_IRQHandler                       0x08000247   Thumb Code     0  startup_stm32f407xx.o(.text)
    I2C2_EV_IRQHandler                       0x08000247   Thumb Code     0  startup_stm32f407xx.o(.text)
    I2C3_ER_IRQHandler                       0x08000247   Thumb Code     0  startup_stm32f407xx.o(.text)
    I2C3_EV_IRQHandler                       0x08000247   Thumb Code     0  startup_stm32f407xx.o(.text)
    OTG_FS_IRQHandler                        0x08000247   Thumb Code     0  startup_stm32f407xx.o(.text)
    OTG_FS_WKUP_IRQHandler                   0x08000247   Thumb Code     0  startup_stm32f407xx.o(.text)
    OTG_HS_EP1_IN_IRQHandler                 0x08000247   Thumb Code     0  startup_stm32f407xx.o(.text)
    OTG_HS_EP1_OUT_IRQHandler                0x08000247   Thumb Code     0  startup_stm32f407xx.o(.text)
    OTG_HS_IRQHandler                        0x08000247   Thumb Code     0  startup_stm32f407xx.o(.text)
    OTG_HS_WKUP_IRQHandler                   0x08000247   Thumb Code     0  startup_stm32f407xx.o(.text)
    PVD_IRQHandler                           0x08000247   Thumb Code     0  startup_stm32f407xx.o(.text)
    RCC_IRQHandler                           0x08000247   Thumb Code     0  startup_stm32f407xx.o(.text)
    RTC_Alarm_IRQHandler                     0x08000247   Thumb Code     0  startup_stm32f407xx.o(.text)
    RTC_WKUP_IRQHandler                      0x08000247   Thumb Code     0  startup_stm32f407xx.o(.text)
    SDIO_IRQHandler                          0x08000247   Thumb Code     0  startup_stm32f407xx.o(.text)
    SPI1_IRQHandler                          0x08000247   Thumb Code     0  startup_stm32f407xx.o(.text)
    SPI2_IRQHandler                          0x08000247   Thumb Code     0  startup_stm32f407xx.o(.text)
    SPI3_IRQHandler                          0x08000247   Thumb Code     0  startup_stm32f407xx.o(.text)
    TAMP_STAMP_IRQHandler                    0x08000247   Thumb Code     0  startup_stm32f407xx.o(.text)
    TIM1_BRK_TIM9_IRQHandler                 0x08000247   Thumb Code     0  startup_stm32f407xx.o(.text)
    TIM1_CC_IRQHandler                       0x08000247   Thumb Code     0  startup_stm32f407xx.o(.text)
    TIM1_TRG_COM_TIM11_IRQHandler            0x08000247   Thumb Code     0  startup_stm32f407xx.o(.text)
    TIM1_UP_TIM10_IRQHandler                 0x08000247   Thumb Code     0  startup_stm32f407xx.o(.text)
    TIM2_IRQHandler                          0x08000247   Thumb Code     0  startup_stm32f407xx.o(.text)
    TIM3_IRQHandler                          0x08000247   Thumb Code     0  startup_stm32f407xx.o(.text)
    TIM4_IRQHandler                          0x08000247   Thumb Code     0  startup_stm32f407xx.o(.text)
    TIM5_IRQHandler                          0x08000247   Thumb Code     0  startup_stm32f407xx.o(.text)
    TIM6_DAC_IRQHandler                      0x08000247   Thumb Code     0  startup_stm32f407xx.o(.text)
    TIM7_IRQHandler                          0x08000247   Thumb Code     0  startup_stm32f407xx.o(.text)
    TIM8_BRK_TIM12_IRQHandler                0x08000247   Thumb Code     0  startup_stm32f407xx.o(.text)
    TIM8_CC_IRQHandler                       0x08000247   Thumb Code     0  startup_stm32f407xx.o(.text)
    TIM8_TRG_COM_TIM14_IRQHandler            0x08000247   Thumb Code     0  startup_stm32f407xx.o(.text)
    TIM8_UP_TIM13_IRQHandler                 0x08000247   Thumb Code     0  startup_stm32f407xx.o(.text)
    WWDG_IRQHandler                          0x08000247   Thumb Code     0  startup_stm32f407xx.o(.text)
    __user_initial_stackheap                 0x08000249   Thumb Code     0  startup_stm32f407xx.o(.text)
    __use_two_region_memory                  0x0800026d   Thumb Code     2  heapauxi.o(.text)
    __rt_heap_escrow$2region                 0x0800026f   Thumb Code     2  heapauxi.o(.text)
    __rt_heap_expand$2region                 0x08000271   Thumb Code     2  heapauxi.o(.text)
    __cpp_initialize__aeabi_                 0x08000275   Thumb Code    28  init_aeabi.o(.text)
    __user_setup_stackheap                   0x08000299   Thumb Code    74  sys_stackheap_outer.o(.text)
    exit                                     0x080002e3   Thumb Code    18  exit.o(.text)
    __user_libspace                          0x080002f5   Thumb Code     8  libspace.o(.text)
    __user_perproc_libspace                  0x080002f5   Thumb Code     0  libspace.o(.text)
    __user_perthread_libspace                0x080002f5   Thumb Code     0  libspace.o(.text)
    _sys_exit                                0x080002fd   Thumb Code     8  sys_exit.o(.text)
    __I$use$semihosting                      0x08000309   Thumb Code     0  use_no_semi.o(.text)
    __use_no_semihosting_swi                 0x08000309   Thumb Code     2  use_no_semi.o(.text)
    __semihosting_library_function           0x0800030b   Thumb Code     0  indicate_semi.o(.text)
    EXTI0_IRQHandler                         0x0800030d   Thumb Code    44  interrupt_tab.o(.text.EXTI0_IRQHandler)
    EXTI15_10_IRQHandler                     0x08000339   Thumb Code    66  interrupt_tab.o(.text.EXTI15_10_IRQHandler)
    EXTI1_IRQHandler                         0x0800037d   Thumb Code    44  interrupt_tab.o(.text.EXTI1_IRQHandler)
    EXTI2_IRQHandler                         0x080003a9   Thumb Code    44  interrupt_tab.o(.text.EXTI2_IRQHandler)
    EXTI3_IRQHandler                         0x080003d5   Thumb Code    44  interrupt_tab.o(.text.EXTI3_IRQHandler)
    EXTI4_IRQHandler                         0x08000401   Thumb Code    44  interrupt_tab.o(.text.EXTI4_IRQHandler)
    EXTI9_5_IRQHandler                       0x0800042d   Thumb Code    66  interrupt_tab.o(.text.EXTI9_5_IRQHandler)
    SysTick_Handler                          0x08000471   Thumb Code    24  systick.o(.text.SysTick_Handler)
    SystemInit                               0x08000489   Thumb Code    18  stm32f4.o(.text.SystemInit)
    UART4_IRQHandler                         0x0800049d   Thumb Code     2  interrupt_tab.o(.text.UART4_IRQHandler)
    UART5_IRQHandler                         0x080004a1   Thumb Code     2  interrupt_tab.o(.text.UART5_IRQHandler)
    USART1_IRQHandler                        0x080004a5   Thumb Code    34  interrupt_tab.o(.text.USART1_IRQHandler)
    USART2_IRQHandler                        0x080004c9   Thumb Code    34  interrupt_tab.o(.text.USART2_IRQHandler)
    USART3_IRQHandler                        0x080004ed   Thumb Code    34  interrupt_tab.o(.text.USART3_IRQHandler)
    USART6_IRQHandler                        0x08000511   Thumb Code    34  interrupt_tab.o(.text.USART6_IRQHandler)
    uni::GeneralPurposeInputOutput::GeneralPurposeInputOutput__sub_object() 0x08000b25   Thumb Code   154  gpio.o(.text._ZN3uni25GeneralPurposeInputOutputC2Ev)
    uni::GeneralPurposeInputOutputPin::setMode(uni::GPIOMode::Mode, uni::GPIOSpeed::Speed, bool) 0x08000bc1   Thumb Code   182  gpio.o(.text._ZN3uni28GeneralPurposeInputOutputPin7setModeENS_8GPIOMode4ModeENS_9GPIOSpeed5SpeedEb)
    uni::GeneralPurposeInputOutputPin::operator=(uni::GeneralPurposeInputOutputPin const&) 0x08000c79   Thumb Code    82  gpio.o(.text._ZN3uni28GeneralPurposeInputOutputPinaSERKS0_)
    uni::GeneralPurposeInputOutputPort::operator[](unsigned char) 0x08000ccd   Thumb Code    18  gpio.o(.text._ZN3uni29GeneralPurposeInputOutputPortixEh)
    main                                     0x08000d51   Thumb Code   116  lto-llvm-2258c5.o(.text.main)
    _fp_init                                 0x08000dc5   Thumb Code    26  fpinit.o(x$fpl$fpinit)
    __fplib_config_fpu_vfp                   0x08000ddd   Thumb Code     0  fpinit.o(x$fpl$fpinit)
    __fplib_config_pureend_doubles           0x08000ddd   Thumb Code     0  fpinit.o(x$fpl$fpinit)
    Region$$Table$$Base                      0x08000de0   Number         0  anon$$obj.o(Region$$Table)
    Region$$Table$$Limit                     0x08000e00   Number         0  anon$$obj.o(Region$$Table)
    SHT$$INIT_ARRAY$$Base                    0x08000e00   Number         0  gpio.o(.init_array)
    SHT$$INIT_ARRAY$$Limit                   0x08000e08   Number         0  lto-llvm-2258c5.o(.init_array)
    uni::EXTI::Pending                       0x20000000   Data           4  interrupt.o(.data._ZN3uni4EXTI7PendingE)
    uni::XART1                               0x20000004   Data           8  stm32f4.o(.data._ZN3uni5XART1E)
    uni::XART2                               0x2000000c   Data           8  stm32f4.o(.data._ZN3uni5XART2E)
    uni::XART3                               0x20000014   Data           8  stm32f4.o(.data._ZN3uni5XART3E)
    uni::XART6                               0x2000001c   Data           8  stm32f4.o(.data._ZN3uni5XART6E)
    __libspace_start                         0x20000028   Data          96  libspace.o(.bss)
    FUNC_EXTI                                0x20000088   Data          64  interrupt_tab.o(.bss.FUNC_EXTI)
    __temporary_stack_top$libspace           0x20000088   Data           0  libspace.o(.bss)
    FUNC_XART                                0x200000c8   Data          32  interrupt_tab.o(.bss.FUNC_XART)
    uni::GPIO                                0x200000f8   Data         240  gpio.o(.bss._ZN3uni4GPIOE)
    uni::GPIOA                               0x200001e8   Data         240  gpio.o(.bss._ZN3uni5GPIOAE)
    uni::GPIOB                               0x200002d8   Data         240  gpio.o(.bss._ZN3uni5GPIOBE)
    uni::GPIOC                               0x200003c8   Data         240  gpio.o(.bss._ZN3uni5GPIOCE)
    uni::GPIOD                               0x200004b8   Data         240  gpio.o(.bss._ZN3uni5GPIODE)
    uni::GPIOE                               0x200005a8   Data         240  gpio.o(.bss._ZN3uni5GPIOEE)
    uni::GPIOF                               0x20000698   Data         240  gpio.o(.bss._ZN3uni5GPIOFE)
    uni::GPIOG                               0x20000788   Data         240  gpio.o(.bss._ZN3uni5GPIOGE)
    uni::GPIOH                               0x20000878   Data         240  gpio.o(.bss._ZN3uni5GPIOHE)
    uni::GPIOI                               0x20000968   Data         240  gpio.o(.bss._ZN3uni5GPIOIE)
    delay_count                              0x20000a58   Data           4  systick.o(.bss.delay_count)



==============================================================================

Memory Map of the image

  Image Entry point : 0x08000189

  Load Region LR_IROM1 (Base: 0x08000000, Size: 0x00000e30, Max: 0x00100000, ABSOLUTE)

    Execution Region ER_IROM1 (Exec base: 0x08000000, Load base: 0x08000000, Size: 0x00000e08, Max: 0x00100000, ABSOLUTE)

    Exec Addr    Load Addr    Size         Type   Attr      Idx    E Section Name        Object

    0x08000000   0x08000000   0x00000188   Data   RO            4    RESET               startup_stm32f407xx.o
    0x08000188   0x08000188   0x00000008   Code   RO          189  * !!!main             c_wu.l(__main.o)
    0x08000190   0x08000190   0x00000034   Code   RO          399    !!!scatter          c_wu.l(__scatter.o)
    0x080001c4   0x080001c4   0x0000001a   Code   RO          401    !!handler_copy      c_wu.l(__scatter_copy.o)
    0x080001de   0x080001de   0x00000002   PAD
    0x080001e0   0x080001e0   0x0000001c   Code   RO          403    !!handler_zi        c_wu.l(__scatter_zi.o)
    0x080001fc   0x080001fc   0x00000002   Code   RO          291    .ARM.Collect$$libinit$$00000000  c_wu.l(libinit.o)
    0x080001fe   0x080001fe   0x00000004   Code   RO          202    .ARM.Collect$$libinit$$00000001  c_wu.l(libinit2.o)
    0x08000202   0x08000202   0x00000000   Code   RO          205    .ARM.Collect$$libinit$$00000004  c_wu.l(libinit2.o)
    0x08000202   0x08000202   0x00000000   Code   RO          207    .ARM.Collect$$libinit$$00000006  c_wu.l(libinit2.o)
    0x08000202   0x08000202   0x00000000   Code   RO          210    .ARM.Collect$$libinit$$0000000C  c_wu.l(libinit2.o)
    0x08000202   0x08000202   0x00000000   Code   RO          212    .ARM.Collect$$libinit$$0000000E  c_wu.l(libinit2.o)
    0x08000202   0x08000202   0x00000000   Code   RO          214    .ARM.Collect$$libinit$$00000010  c_wu.l(libinit2.o)
    0x08000202   0x08000202   0x00000000   Code   RO          217    .ARM.Collect$$libinit$$00000013  c_wu.l(libinit2.o)
    0x08000202   0x08000202   0x00000000   Code   RO          219    .ARM.Collect$$libinit$$00000015  c_wu.l(libinit2.o)
    0x08000202   0x08000202   0x00000000   Code   RO          221    .ARM.Collect$$libinit$$00000017  c_wu.l(libinit2.o)
    0x08000202   0x08000202   0x00000000   Code   RO          223    .ARM.Collect$$libinit$$00000019  c_wu.l(libinit2.o)
    0x08000202   0x08000202   0x00000000   Code   RO          225    .ARM.Collect$$libinit$$0000001B  c_wu.l(libinit2.o)
    0x08000202   0x08000202   0x00000000   Code   RO          227    .ARM.Collect$$libinit$$0000001D  c_wu.l(libinit2.o)
    0x08000202   0x08000202   0x00000000   Code   RO          229    .ARM.Collect$$libinit$$0000001F  c_wu.l(libinit2.o)
    0x08000202   0x08000202   0x00000000   Code   RO          231    .ARM.Collect$$libinit$$00000021  c_wu.l(libinit2.o)
    0x08000202   0x08000202   0x00000000   Code   RO          233    .ARM.Collect$$libinit$$00000023  c_wu.l(libinit2.o)
    0x08000202   0x08000202   0x00000000   Code   RO          235    .ARM.Collect$$libinit$$00000025  c_wu.l(libinit2.o)
    0x08000202   0x08000202   0x00000000   Code   RO          237    .ARM.Collect$$libinit$$00000027  c_wu.l(libinit2.o)
    0x08000202   0x08000202   0x00000000   Code   RO          241    .ARM.Collect$$libinit$$0000002E  c_wu.l(libinit2.o)
    0x08000202   0x08000202   0x00000000   Code   RO          243    .ARM.Collect$$libinit$$00000030  c_wu.l(libinit2.o)
    0x08000202   0x08000202   0x00000000   Code   RO          245    .ARM.Collect$$libinit$$00000032  c_wu.l(libinit2.o)
    0x08000202   0x08000202   0x00000004   Code   RO          246    .ARM.Collect$$libinit$$00000033  c_wu.l(libinit2.o)
    0x08000206   0x08000206   0x00000000   Code   RO          247    .ARM.Collect$$libinit$$00000034  c_wu.l(libinit2.o)
    0x08000206   0x08000206   0x00000002   Code   RO          248    .ARM.Collect$$libinit$$00000035  c_wu.l(libinit2.o)
    0x08000208   0x08000208   0x00000002   Code   RO          341    .ARM.Collect$$libshutdown$$00000000  c_wu.l(libshutdown.o)
    0x0800020a   0x0800020a   0x00000000   Code   RO          357    .ARM.Collect$$libshutdown$$00000002  c_wu.l(libshutdown2.o)
    0x0800020a   0x0800020a   0x00000000   Code   RO          359    .ARM.Collect$$libshutdown$$00000004  c_wu.l(libshutdown2.o)
    0x0800020a   0x0800020a   0x00000000   Code   RO          362    .ARM.Collect$$libshutdown$$00000007  c_wu.l(libshutdown2.o)
    0x0800020a   0x0800020a   0x00000000   Code   RO          365    .ARM.Collect$$libshutdown$$0000000A  c_wu.l(libshutdown2.o)
    0x0800020a   0x0800020a   0x00000000   Code   RO          367    .ARM.Collect$$libshutdown$$0000000C  c_wu.l(libshutdown2.o)
    0x0800020a   0x0800020a   0x00000000   Code   RO          370    .ARM.Collect$$libshutdown$$0000000F  c_wu.l(libshutdown2.o)
    0x0800020a   0x0800020a   0x00000002   Code   RO          371    .ARM.Collect$$libshutdown$$00000010  c_wu.l(libshutdown2.o)
    0x0800020c   0x0800020c   0x00000000   Code   RO          197    .ARM.Collect$$rtentry$$00000000  c_wu.l(__rtentry.o)
    0x0800020c   0x0800020c   0x00000000   Code   RO          254    .ARM.Collect$$rtentry$$00000002  c_wu.l(__rtentry2.o)
    0x0800020c   0x0800020c   0x00000006   Code   RO          266    .ARM.Collect$$rtentry$$00000004  c_wu.l(__rtentry4.o)
    0x08000212   0x08000212   0x00000000   Code   RO          256    .ARM.Collect$$rtentry$$00000009  c_wu.l(__rtentry2.o)
    0x08000212   0x08000212   0x00000004   Code   RO          257    .ARM.Collect$$rtentry$$0000000A  c_wu.l(__rtentry2.o)
    0x08000216   0x08000216   0x00000000   Code   RO          259    .ARM.Collect$$rtentry$$0000000C  c_wu.l(__rtentry2.o)
    0x08000216   0x08000216   0x00000008   Code   RO          260    .ARM.Collect$$rtentry$$0000000D  c_wu.l(__rtentry2.o)
    0x0800021e   0x0800021e   0x00000002   Code   RO          299    .ARM.Collect$$rtexit$$00000000  c_wu.l(rtexit.o)
    0x08000220   0x08000220   0x00000000   Code   RO          321    .ARM.Collect$$rtexit$$00000002  c_wu.l(rtexit2.o)
    0x08000220   0x08000220   0x00000004   Code   RO          322    .ARM.Collect$$rtexit$$00000003  c_wu.l(rtexit2.o)
    0x08000224   0x08000224   0x00000006   Code   RO          323    .ARM.Collect$$rtexit$$00000004  c_wu.l(rtexit2.o)
    0x0800022a   0x0800022a   0x00000002   PAD
    0x0800022c   0x0800022c   0x00000040   Code   RO            5    .text               startup_stm32f407xx.o
    0x0800026c   0x0800026c   0x00000006   Code   RO          187    .text               c_wu.l(heapauxi.o)
    0x08000272   0x08000272   0x00000002   PAD
    0x08000274   0x08000274   0x00000024   Code   RO          194    .text               c_wu.l(init_aeabi.o)
    0x08000298   0x08000298   0x0000004a   Code   RO          274    .text               c_wu.l(sys_stackheap_outer.o)
    0x080002e2   0x080002e2   0x00000012   Code   RO          276    .text               c_wu.l(exit.o)
    0x080002f4   0x080002f4   0x00000008   Code   RO          296    .text               c_wu.l(libspace.o)
    0x080002fc   0x080002fc   0x0000000c   Code   RO          313    .text               c_wu.l(sys_exit.o)
    0x08000308   0x08000308   0x00000002   Code   RO          317    .text               c_wu.l(use_no_semi.o)
    0x0800030a   0x0800030a   0x00000000   Code   RO          319    .text               c_wu.l(indicate_semi.o)
    0x0800030a   0x0800030a   0x00000002   PAD
    0x0800030c   0x0800030c   0x0000002c   Code   RO           92    .text.EXTI0_IRQHandler  ustm32f4.lib(interrupt_tab.o)
    0x08000338   0x08000338   0x00000042   Code   RO          104    .text.EXTI15_10_IRQHandler  ustm32f4.lib(interrupt_tab.o)
    0x0800037a   0x0800037a   0x00000002   PAD
    0x0800037c   0x0800037c   0x0000002c   Code   RO           94    .text.EXTI1_IRQHandler  ustm32f4.lib(interrupt_tab.o)
    0x080003a8   0x080003a8   0x0000002c   Code   RO           96    .text.EXTI2_IRQHandler  ustm32f4.lib(interrupt_tab.o)
    0x080003d4   0x080003d4   0x0000002c   Code   RO           98    .text.EXTI3_IRQHandler  ustm32f4.lib(interrupt_tab.o)
    0x08000400   0x08000400   0x0000002c   Code   RO          100    .text.EXTI4_IRQHandler  ustm32f4.lib(interrupt_tab.o)
    0x0800042c   0x0800042c   0x00000042   Code   RO          102    .text.EXTI9_5_IRQHandler  ustm32f4.lib(interrupt_tab.o)
    0x0800046e   0x0800046e   0x00000002   PAD
    0x08000470   0x08000470   0x00000018   Code   RO          177    .text.SysTick_Handler  ustm32f4.lib(systick.o)
    0x08000488   0x08000488   0x00000012   Code   RO           12    .text.SystemInit    ustm32f4.lib(stm32f4.o)
    0x0800049a   0x0800049a   0x00000002   PAD
    0x0800049c   0x0800049c   0x00000002   Code   RO          112    .text.UART4_IRQHandler  ustm32f4.lib(interrupt_tab.o)
    0x0800049e   0x0800049e   0x00000002   PAD
    0x080004a0   0x080004a0   0x00000002   Code   RO          114    .text.UART5_IRQHandler  ustm32f4.lib(interrupt_tab.o)
    0x080004a2   0x080004a2   0x00000002   PAD
    0x080004a4   0x080004a4   0x00000022   Code   RO          106    .text.USART1_IRQHandler  ustm32f4.lib(interrupt_tab.o)
    0x080004c6   0x080004c6   0x00000002   PAD
    0x080004c8   0x080004c8   0x00000022   Code   RO          108    .text.USART2_IRQHandler  ustm32f4.lib(interrupt_tab.o)
    0x080004ea   0x080004ea   0x00000002   PAD
    0x080004ec   0x080004ec   0x00000022   Code   RO          110    .text.USART3_IRQHandler  ustm32f4.lib(interrupt_tab.o)
    0x0800050e   0x0800050e   0x00000002   PAD
    0x08000510   0x08000510   0x00000022   Code   RO          116    .text.USART6_IRQHandler  ustm32f4.lib(interrupt_tab.o)
    0x08000532   0x08000532   0x00000002   PAD
    0x08000534   0x08000534   0x000005d8   Code   RO           66    .text._GLOBAL__sub_I_GPIO.cpp  ustm32f4.lib(gpio.o)
    0x08000b0c   0x08000b0c   0x00000016   Code   RO          373    .text._GLOBAL__sub_I_main.cpp  lto-llvm-2258c5.o
    0x08000b22   0x08000b22   0x00000002   PAD
    0x08000b24   0x08000b24   0x0000009a   Code   RO           82    .text._ZN3uni25GeneralPurposeInputOutputC2Ev  ustm32f4.lib(gpio.o)
    0x08000bbe   0x08000bbe   0x00000002   PAD
    0x08000bc0   0x08000bc0   0x000000b6   Code   RO           34    .text._ZN3uni28GeneralPurposeInputOutputPin7setModeENS_8GPIOMode4ModeENS_9GPIOSpeed5SpeedEb  ustm32f4.lib(gpio.o)
    0x08000c76   0x08000c76   0x00000002   PAD
    0x08000c78   0x08000c78   0x00000052   Code   RO           40    .text._ZN3uni28GeneralPurposeInputOutputPinaSERKS0_  ustm32f4.lib(gpio.o)
    0x08000cca   0x08000cca   0x00000002   PAD
    0x08000ccc   0x08000ccc   0x00000012   Code   RO           62    .text._ZN3uni29GeneralPurposeInputOutputPortixEh  ustm32f4.lib(gpio.o)
    0x08000cde   0x08000cde   0x00000002   PAD
    0x08000ce0   0x08000ce0   0x0000001c   Code   RO          375    .text.__cxx_global_var_init  lto-llvm-2258c5.o
    0x08000cfc   0x08000cfc   0x0000001c   Code   RO          377    .text.__cxx_global_var_init.1  lto-llvm-2258c5.o
    0x08000d18   0x08000d18   0x0000001c   Code   RO          379    .text.__cxx_global_var_init.2  lto-llvm-2258c5.o
    0x08000d34   0x08000d34   0x0000001c   Code   RO          381    .text.__cxx_global_var_init.3  lto-llvm-2258c5.o
    0x08000d50   0x08000d50   0x00000074   Code   RO          383    .text.main          lto-llvm-2258c5.o
    0x08000dc4   0x08000dc4   0x0000001a   Code   RO          272    x$fpl$fpinit        fz_wm.l(fpinit.o)
    0x08000dde   0x08000dde   0x00000002   PAD
    0x08000de0   0x08000de0   0x00000020   Data   RO          398    Region$$Table       anon$$obj.o
    0x08000e00   0x08000e00   0x00000004   Data   RO           80    .init_array         ustm32f4.lib(gpio.o)
    0x08000e04   0x08000e00   0x00000000   Data   RO          192    .init_array         c_wu.l(init_aeabi.o)
    0x08000e04   0x08000e00   0x00000004   Data   RO          385    .init_array         lto-llvm-2258c5.o


    Execution Region RW_IRAM2 (Exec base: 0x10000000, Load base: 0x08000e30, Size: 0x00000000, Max: 0x00010000, ABSOLUTE)

    **** No section assigned to this execution region ****


    Execution Region RW_IRAM1 (Exec base: 0x20000000, Load base: 0x08000e08, Size: 0x00001060, Max: 0x00020000, ABSOLUTE)

    Exec Addr    Load Addr    Size         Type   Attr      Idx    E Section Name        Object

    0x20000000   0x08000e08   0x00000004   Data   RW           90    .data._ZN3uni4EXTI7PendingE  ustm32f4.lib(interrupt.o)
    0x20000004   0x08000e0c   0x00000008   Data   RW           14    .data._ZN3uni5XART1E  ustm32f4.lib(stm32f4.o)
    0x2000000c   0x08000e14   0x00000008   Data   RW           15    .data._ZN3uni5XART2E  ustm32f4.lib(stm32f4.o)
    0x20000014   0x08000e1c   0x00000008   Data   RW           16    .data._ZN3uni5XART3E  ustm32f4.lib(stm32f4.o)
    0x2000001c   0x08000e24   0x00000008   Data   RW           19    .data._ZN3uni5XART6E  ustm32f4.lib(stm32f4.o)
    0x20000024   0x08000e2c   0x00000004   PAD
    0x20000028        -       0x00000060   Zero   RW          297    .bss                c_wu.l(libspace.o)
    0x20000088        -       0x00000040   Zero   RW          118    .bss.FUNC_EXTI      ustm32f4.lib(interrupt_tab.o)
    0x200000c8        -       0x00000020   Zero   RW          119    .bss.FUNC_XART      ustm32f4.lib(interrupt_tab.o)
    0x200000e8        -       0x00000004   Zero   RW          389    .bss.KEY            lto-llvm-2258c5.o
    0x200000ec        -       0x00000004   Zero   RW          388    .bss.LEDB           lto-llvm-2258c5.o
    0x200000f0        -       0x00000004   Zero   RW          387    .bss.LEDG           lto-llvm-2258c5.o
    0x200000f4        -       0x00000004   Zero   RW          386    .bss.LEDR           lto-llvm-2258c5.o
    0x200000f8        -       0x000000f0   Zero   RW           69    .bss._ZN3uni4GPIOE  ustm32f4.lib(gpio.o)
    0x200001e8        -       0x000000f0   Zero   RW           70    .bss._ZN3uni5GPIOAE  ustm32f4.lib(gpio.o)
    0x200002d8        -       0x000000f0   Zero   RW           71    .bss._ZN3uni5GPIOBE  ustm32f4.lib(gpio.o)
    0x200003c8        -       0x000000f0   Zero   RW           72    .bss._ZN3uni5GPIOCE  ustm32f4.lib(gpio.o)
    0x200004b8        -       0x000000f0   Zero   RW           73    .bss._ZN3uni5GPIODE  ustm32f4.lib(gpio.o)
    0x200005a8        -       0x000000f0   Zero   RW           74    .bss._ZN3uni5GPIOEE  ustm32f4.lib(gpio.o)
    0x20000698        -       0x000000f0   Zero   RW           75    .bss._ZN3uni5GPIOFE  ustm32f4.lib(gpio.o)
    0x20000788        -       0x000000f0   Zero   RW           76    .bss._ZN3uni5GPIOGE  ustm32f4.lib(gpio.o)
    0x20000878        -       0x000000f0   Zero   RW           77    .bss._ZN3uni5GPIOHE  ustm32f4.lib(gpio.o)
    0x20000968        -       0x000000f0   Zero   RW           78    .bss._ZN3uni5GPIOIE  ustm32f4.lib(gpio.o)
    0x20000a58        -       0x00000004   Zero   RW          181    .bss.delay_count    ustm32f4.lib(systick.o)
    0x20000a5c   0x08000e2c   0x00000004   PAD
    0x20000a60        -       0x00000200   Zero   RW            3    HEAP                startup_stm32f407xx.o
    0x20000c60        -       0x00000400   Zero   RW            2    STACK               startup_stm32f407xx.o


==============================================================================

Image component sizes


      Code (inc. data)   RO Data    RW Data    ZI Data      Debug   Object Name

       250          0          4          0         16       2659   lto-llvm-2258c5.o
        64         26        392          0       1536       1004   startup_stm32f407xx.o

    ----------------------------------------------------------------------
       316         26        428          0       1552       3663   Object Totals
         0          0         32          0          0          0   (incl. Generated)
         2          0          0          0          0          0   (incl. Padding)

    ----------------------------------------------------------------------

      Code (inc. data)   RO Data    RW Data    ZI Data      Debug   Library Member Name

         8          0          0          0          0         68   __main.o
         0          0          0          0          0          0   __rtentry.o
        12          0          0          0          0          0   __rtentry2.o
         6          0          0          0          0          0   __rtentry4.o
        52          8          0          0          0          0   __scatter.o
        26          0          0          0          0          0   __scatter_copy.o
        28          0          0          0          0          0   __scatter_zi.o
        18          0          0          0          0         80   exit.o
         6          0          0          0          0        152   heapauxi.o
         0          0          0          0          0          0   indicate_semi.o
        36          8          0          0          0         80   init_aeabi.o
         2          0          0          0          0          0   libinit.o
        10          0          0          0          0          0   libinit2.o
         2          0          0          0          0          0   libshutdown.o
         2          0          0          0          0          0   libshutdown2.o
         8          4          0          0         96         68   libspace.o
         2          0          0          0          0          0   rtexit.o
        10          0          0          0          0          0   rtexit2.o
        12          4          0          0          0         68   sys_exit.o
        74          0          0          0          0         80   sys_stackheap_outer.o
         2          0          0          0          0         68   use_no_semi.o
        26          0          0          0          0        116   fpinit.o
      1932          0          4          0       2400        488   gpio.o
         0          0          0          4          0          0   interrupt.o
       492          0          0          0         96        300   interrupt_tab.o
        18          0          0         32          0         36   stm32f4.o
        24          0          0          0          4         80   systick.o

    ----------------------------------------------------------------------
      2844         24          4         36       2604       1684   Library Totals
        36          0          0          0          8          0   (incl. Padding)

    ----------------------------------------------------------------------

      Code (inc. data)   RO Data    RW Data    ZI Data      Debug   Library Name

       316         24          0          0         96        664   c_wu.l
        26          0          0          0          0        116   fz_wm.l
      2466          0          4         36       2500        904   ustm32f4.lib

    ----------------------------------------------------------------------
      2844         24          4         36       2604       1684   Library Totals

    ----------------------------------------------------------------------

==============================================================================


      Code (inc. data)   RO Data    RW Data    ZI Data      Debug   

      3160         50        432         36       4156       5059   Grand Totals
      3160         50        432         36       4156       5059   ELF Image Totals
      3160         50        432         36          0          0   ROM Totals

==============================================================================

    Total RO  Size (Code + RO Data)                 3592 (   3.51kB)
    Total RW  Size (RW Data + ZI Data)              4192 (   4.09kB)
    Total ROM Size (Code + RO Data + RW Data)       3628 (   3.54kB)

==============================================================================

